Archive member included to satisfy reference by file (symbol)

app/libapp.a(main.c.obj)      (--whole-archive)
zephyr/libzephyr.a(crc32_sw.c.obj)
                              (--whole-archive)
zephyr/libzephyr.a(crc16_sw.c.obj)
                              (--whole-archive)
zephyr/libzephyr.a(crc8_sw.c.obj)
                              (--whole-archive)
zephyr/libzephyr.a(crc7_sw.c.obj)
                              (--whole-archive)
zephyr/libzephyr.a(dec.c.obj)
                              (--whole-archive)
zephyr/libzephyr.a(fdtable.c.obj)
                              (--whole-archive)
zephyr/libzephyr.a(hex.c.obj)
                              (--whole-archive)
zephyr/libzephyr.a(mempool.c.obj)
                              (--whole-archive)
zephyr/libzephyr.a(rb.c.obj)  (--whole-archive)
zephyr/libzephyr.a(sem.c.obj)
                              (--whole-archive)
zephyr/libzephyr.a(thread_entry.c.obj)
                              (--whole-archive)
zephyr/libzephyr.a(timeutil.c.obj)
                              (--whole-archive)
zephyr/libzephyr.a(work_q.c.obj)
                              (--whole-archive)
zephyr/libzephyr.a(printk.c.obj)
                              (--whole-archive)
zephyr/libzephyr.a(ring_buffer.c.obj)
                              (--whole-archive)
zephyr/libzephyr.a(configs.c.obj)
                              (--whole-archive)
zephyr/libzephyr.a(soc.c.obj)
                              (--whole-archive)
zephyr/libzephyr.a(stm32cube_hal.c.obj)
                              (--whole-archive)
zephyr/libzephyr.a(fnmatch.c.obj)
                              (--whole-archive)
zephyr/libzephyr.a(device_service.c.obj)
                              (--whole-archive)
zephyr/libzephyr.a(shell.c.obj)
                              (--whole-archive)
zephyr/libzephyr.a(shell_fprintf.c.obj)
                              (--whole-archive)
zephyr/libzephyr.a(shell_utils.c.obj)
                              (--whole-archive)
zephyr/libzephyr.a(shell_ops.c.obj)
                              (--whole-archive)
zephyr/libzephyr.a(shell_uart.c.obj)
                              (--whole-archive)
zephyr/libzephyr.a(shell_help.c.obj)
                              (--whole-archive)
zephyr/libzephyr.a(shell_cmds.c.obj)
                              (--whole-archive)
zephyr/libzephyr.a(shell_history.c.obj)
                              (--whole-archive)
zephyr/libzephyr.a(shell_wildcard.c.obj)
                              (--whole-archive)
zephyr/libzephyr.a(intc_exti_stm32.c.obj)
                              (--whole-archive)
zephyr/libzephyr.a(clock_stm32_ll_common.c.obj)
                              (--whole-archive)
zephyr/libzephyr.a(clock_stm32f2_f4_f7.c.obj)
                              (--whole-archive)
zephyr/libzephyr.a(pinmux_stm32.c.obj)
                              (--whole-archive)
zephyr/libzephyr.a(can_common.c.obj)
                              (--whole-archive)
zephyr/libzephyr.a(can_stm32.c.obj)
                              (--whole-archive)
zephyr/libzephyr.a(can_shell.c.obj)
                              (--whole-archive)
zephyr/libzephyr.a(sys_clock_init.c.obj)
                              (--whole-archive)
zephyr/libzephyr.a(cortex_m_systick.c.obj)
                              (--whole-archive)
zephyr/arch/common/libarch__common.a(isr_tables.c.obj)
                              (--whole-archive)
zephyr/arch/common/libarch__common.a(sw_isr_common.c.obj)
                              (--whole-archive)
zephyr/arch/arch/arm/core/aarch32/libarch__arm__core__aarch32.a(exc_exit.S.obj)
                              (--whole-archive)
zephyr/arch/arch/arm/core/aarch32/libarch__arm__core__aarch32.a(swap.c.obj)
                              (--whole-archive)
zephyr/arch/arch/arm/core/aarch32/libarch__arm__core__aarch32.a(swap_helper.S.obj)
                              (--whole-archive)
zephyr/arch/arch/arm/core/aarch32/libarch__arm__core__aarch32.a(irq_manage.c.obj)
                              (--whole-archive)
zephyr/arch/arch/arm/core/aarch32/libarch__arm__core__aarch32.a(thread.c.obj)
                              (--whole-archive)
zephyr/arch/arch/arm/core/aarch32/libarch__arm__core__aarch32.a(cpu_idle.S.obj)
                              (--whole-archive)
zephyr/arch/arch/arm/core/aarch32/libarch__arm__core__aarch32.a(fault_s.S.obj)
                              (--whole-archive)
zephyr/arch/arch/arm/core/aarch32/libarch__arm__core__aarch32.a(fatal.c.obj)
                              (--whole-archive)
zephyr/arch/arch/arm/core/aarch32/libarch__arm__core__aarch32.a(nmi.c.obj)
                              (--whole-archive)
zephyr/arch/arch/arm/core/aarch32/libarch__arm__core__aarch32.a(nmi_on_reset.S.obj)
                              (--whole-archive)
zephyr/arch/arch/arm/core/aarch32/libarch__arm__core__aarch32.a(prep_c.c.obj)
                              (--whole-archive)
zephyr/arch/arch/arm/core/aarch32/libarch__arm__core__aarch32.a(isr_wrapper.S.obj)
[...]
Memory Configuration

Name             Origin             Length             Attributes
FLASH            0x0000000008000000 0x0000000000100000 xr
CCM              0x0000000010000000 0x0000000000010000 rw
SRAM             0x0000000020000000 0x0000000000020000 xw
IDT_LIST         0x0000000020020000 0x0000000000000800 xw
*default*        0x0000000000000000 0xffffffffffffffff

Linker script and memory map

LOAD zephyr/CMakeFiles/zephyr_final.dir/misc/empty_file.c.obj
LOAD zephyr/CMakeFiles/zephyr_final.dir/isr_tables.c.obj
                0x0000000000000020                _region_min_align = 0x20

.rel.plt        0x0000000008000000        0x0
 *(SORT_BY_ALIGNMENT(.rel.plt))
                [!provide]                        PROVIDE (__rel_iplt_start = .)
 *(SORT_BY_ALIGNMENT(.rel.iplt))
 .rel.iplt      0x0000000008000000        0x0 zephyr/CMakeFiles/zephyr_final.dir/isr_tables.c.obj
                [!provide]                        PROVIDE (__rel_iplt_end = .)

.rela.plt       0x0000000000000000        0x0
 *(SORT_BY_ALIGNMENT(.rela.plt))
                [!provide]                        PROVIDE (__rela_iplt_start = .)
 *(SORT_BY_ALIGNMENT(.rela.iplt))
                [!provide]                        PROVIDE (__rela_iplt_end = .)

.rel.dyn
 *(SORT_BY_ALIGNMENT(.rel.*))

.rela.dyn
 *(SORT_BY_ALIGNMENT(.rela.*))

/DISCARD/
 *(SORT_BY_ALIGNMENT(.plt))
 *(SORT_BY_ALIGNMENT(.iplt))
 *(SORT_BY_ALIGNMENT(.got.plt))
 *(SORT_BY_ALIGNMENT(.igot.plt))
 *(SORT_BY_ALIGNMENT(.got))
 *(SORT_BY_ALIGNMENT(.igot))
 *(SORT_BY_ALIGNMENT(.irq_info))
 *(SORT_BY_ALIGNMENT(.intList))
 *(SORT_BY_ALIGNMENT(.note.GNU-stack))
                0x0000000008000000                _image_rom_start = 0x8000000

text            0x0000000008000000      0x188
                0x0000000000000000                . = 0x0
                0x0000000000000000                . = ALIGN (0x4)
                0x0000000008000000                _vector_start = .
 *(SORT_BY_ALIGNMENT(.exc_vector_table))
 *(SORT_BY_ALIGNMENT(.exc_vector_table.*))
 .exc_vector_table._vector_table_section
                0x0000000008000000       0x40 zephyr/arch/arch/arm/core/aarch32/cortex_m/libarch__arm__core__aarch32__cortex_m.a(vector_table.S.obj)
                0x0000000008000000                _vector_table
 *(SORT_BY_ALIGNMENT(.gnu.linkonce.irq_vector_table))
 .gnu.linkonce.irq_vector_table
                0x0000000008000040      0x148 zephyr/CMakeFiles/zephyr_final.dir/isr_tables.c.obj
                0x0000000008000040                _irq_vector_table
 *(SORT_BY_ALIGNMENT(.vectors))
 *(SORT_BY_ALIGNMENT(.openocd_dbg))
 *(SORT_BY_ALIGNMENT(.openocd_dbg.*))
                0x0000000008000188                _vector_end = .

_TEXT_SECTION_NAME_2
                0x0000000008000188     0x8c66
                0x0000000008000188                _image_text_start = .
 *(SORT_BY_ALIGNMENT(.text))
 .text          0x0000000008000188       0x30 /home/kerraiosc/zephyr-sdk-0.10.3/arm-zephyr-eabi/bin/../lib/gcc/arm-zephyr-eabi/8.3.0/thumb/v7e-m/nofp/libgcc.a(_aeabi_uldivmod.o)
                0x0000000008000188                __aeabi_uldivmod
 .text          0x00000000080001b8        0x4 /home/kerraiosc/zephyr-sdk-0.10.3/arm-zephyr-eabi/bin/../lib/gcc/arm-zephyr-eabi/8.3.0/thumb/v7e-m/nofp/libgcc.a(_dvmd_tls.o)
                0x00000000080001b8                __aeabi_ldiv0
                0x00000000080001b8                __aeabi_idiv0
 .text          0x00000000080001bc      0x2b4 /home/kerraiosc/zephyr-sdk-0.10.3/arm-zephyr-eabi/bin/../lib/gcc/arm-zephyr-eabi/8.3.0/thumb/v7e-m/nofp/libgcc.a(_udivmoddi4.o)
                0x00000000080001bc                __udivmoddi4
 *(SORT_BY_ALIGNMENT(.text.*))
 .text.poll_state_thread
                0x0000000008000470       0x48 app/libapp.a(main.c.obj)
                0x0000000008000470                poll_state_thread
 .text.state_change_isr
                0x00000000080004b8       0x50 app/libapp.a(main.c.obj)
                0x00000000080004b8                state_change_isr
 .text.rx_thread
                0x0000000008000508       0xa0 app/libapp.a(main.c.obj)
                0x0000000008000508                rx_thread
 .text.can_motor_request
                0x00000000080005a8       0xdc app/libapp.a(main.c.obj)
                0x00000000080005a8                can_motor_request
 .text.motor_init
                0x0000000008000684       0xa8 app/libapp.a(main.c.obj)
                0x0000000008000684                motor_init
 .text.main     0x000000000800072c      0x268 app/libapp.a(main.c.obj)
                0x000000000800072c                main
 .text.char_out
                0x0000000008000994       0x10 zephyr/libzephyr.a(printk.c.obj)
 .text._printk_dec_ulong
                0x00000000080009a4       0x98 zephyr/libzephyr.a(printk.c.obj)
 .text.vprintk  0x0000000008000a3c       0x1c zephyr/libzephyr.a(printk.c.obj)
                0x0000000008000a3c                vprintk
 .text.st_stm32f4_init
                0x0000000008000a58       0x2c zephyr/libzephyr.a(soc.c.obj)
 .text.cmd_device_list
                0x0000000008000a84       0x40 zephyr/libzephyr.a(device_service.c.obj)
 .text.device_get_config_level
                0x0000000008000ac4       0x3c zephyr/libzephyr.a(device_service.c.obj)
 .text.cmd_device_levels
                0x0000000008000b00       0x94 zephyr/libzephyr.a(device_service.c.obj)
 .text.history_handle
                0x0000000008000b94       0xa4 zephyr/libzephyr.a(shell.c.obj)
 .text.execute  0x0000000008000c38      0x270 zephyr/libzephyr.a(shell.c.obj)
 .text.shell_init
                0x0000000008000ea8       0xf4 zephyr/libzephyr.a(shell.c.obj)
                0x0000000008000ea8                shell_init
 .text.shell_start
                0x0000000008000f9c       0x30 zephyr/libzephyr.a(shell.c.obj)
                0x0000000008000f9c                shell_start
 .text.shell_process
                0x0000000008000fcc      0x75c zephyr/libzephyr.a(shell.c.obj)
                0x0000000008000fcc                shell_process
 .text.shell_thread
                0x0000000008001728       0xc0 zephyr/libzephyr.a(shell.c.obj)
                0x0000000008001728                shell_thread
 .text.shell_fprintf_fmt
                0x00000000080017e8       0x28 zephyr/libzephyr.a(shell_fprintf.c.obj)
                0x00000000080017e8                shell_fprintf_fmt
 .text.shell_cmd_get
                0x0000000008001810       0x54 zephyr/libzephyr.a(shell_utils.c.obj)
                0x0000000008001810                shell_cmd_get
 .text.clear_eos.isra.6
                0x0000000008001864       0x10 zephyr/libzephyr.a(shell_ops.c.obj)
 .text.shell_op_cursor_vert_move
                0x0000000008001874       0x20 zephyr/libzephyr.a(shell_ops.c.obj)
                0x0000000008001874                shell_op_cursor_vert_move
 .text.shell_op_cursor_horiz_move
                0x0000000008001894       0x20 zephyr/libzephyr.a(shell_ops.c.obj)
                0x0000000008001894                shell_op_cursor_horiz_move
 .text.shell_op_cond_next_line
                0x00000000080018b4       0x28 zephyr/libzephyr.a(shell_ops.c.obj)
                0x00000000080018b4                shell_op_cond_next_line
 .text.shell_op_cursor_position_synchronize
                0x00000000080018dc       0x54 zephyr/libzephyr.a(shell_ops.c.obj)
                0x00000000080018dc                shell_op_cursor_position_synchronize
 .text.shell_print_cmd
                0x0000000008001930       0x10 zephyr/libzephyr.a(shell_ops.c.obj)
                0x0000000008001930                shell_print_cmd
 .text.shell_vt100_color_set
                0x0000000008001940       0x48 zephyr/libzephyr.a(shell_ops.c.obj)
                0x0000000008001940                shell_vt100_color_set
 .text.shell_vt100_colors_restore
                0x0000000008001988       0x4c zephyr/libzephyr.a(shell_ops.c.obj)
                0x0000000008001988                shell_vt100_colors_restore
 .text.shell_op_word_remove
                0x00000000080019d4       0xa8 zephyr/libzephyr.a(shell_ops.c.obj)
                0x00000000080019d4                shell_op_word_remove
 .text.reprint_from_cursor
                0x0000000008001a7c       0x54 zephyr/libzephyr.a(shell_ops.c.obj)
 .text.shell_op_char_insert
                0x0000000008001ad0       0x64 zephyr/libzephyr.a(shell_ops.c.obj)
                0x0000000008001ad0                shell_op_char_insert
 .text.shell_print_prompt_and_cmd
                0x0000000008001b34       0x30 zephyr/libzephyr.a(shell_ops.c.obj)
                0x0000000008001b34                shell_print_prompt_and_cmd
 .text.init     0x0000000008001b64       0x30 zephyr/libzephyr.a(shell_uart.c.obj)
 .text.enable_shell_uart
                0x0000000008001b94       0x28 zephyr/libzephyr.a(shell_uart.c.obj)
 .text.formatted_text_print.constprop.2
                0x0000000008001bbc       0xf4 zephyr/libzephyr.a(shell_help.c.obj)
 .text.shell_help_subcmd_print
                0x0000000008001cb0       0xe0 zephyr/libzephyr.a(shell_help.c.obj)
                0x0000000008001cb0                shell_help_subcmd_print
 .text.shell_help_cmd_print
                0x0000000008001d90       0x4c zephyr/libzephyr.a(shell_help.c.obj)
                0x0000000008001d90                shell_help_cmd_print
 .text.cmd_clear
                0x0000000008001ddc       0x2c zephyr/libzephyr.a(shell_cmds.c.obj)
 .text.cmd_resize_default
                0x0000000008001e08       0x24 zephyr/libzephyr.a(shell_cmds.c.obj)
 .text.cmd_shell_stats_show
                0x0000000008001e2c       0x18 zephyr/libzephyr.a(shell_cmds.c.obj)
 .text.cmd_help
                0x0000000008001e44       0x24 zephyr/libzephyr.a(shell_cmds.c.obj)
 .text.cmd_history
                0x0000000008001e68       0x48 zephyr/libzephyr.a(shell_cmds.c.obj)
 .text.cmd_echo
                0x0000000008001eb0       0x54 zephyr/libzephyr.a(shell_cmds.c.obj)
 .text.cmd_resize
                0x0000000008001f04      0x17c zephyr/libzephyr.a(shell_cmds.c.obj)
 .text.shell_wildcard_process
                0x0000000008002080      0x100 zephyr/libzephyr.a(shell_wildcard.c.obj)
                0x0000000008002080                shell_wildcard_process
 .text.__stm32_exti_isr
                0x0000000008002180       0x40 zephyr/libzephyr.a(intc_exti_stm32.c.obj)
 .text.stm32_exti_enable
                0x00000000080021c0       0x30 zephyr/libzephyr.a(intc_exti_stm32.c.obj)
                0x00000000080021c0                stm32_exti_enable
 .text.stm32_exti_disable
                0x00000000080021f0       0x18 zephyr/libzephyr.a(intc_exti_stm32.c.obj)
                0x00000000080021f0                stm32_exti_disable
 .text.stm32_exti_trigger
                0x0000000008002208       0x30 zephyr/libzephyr.a(intc_exti_stm32.c.obj)
                0x0000000008002208                stm32_exti_trigger
 .text.stm32_exti_set_callback
                0x0000000008002238       0x24 zephyr/libzephyr.a(intc_exti_stm32.c.obj)
                0x0000000008002238                stm32_exti_set_callback
 .text.stm32_exti_unset_callback
                0x000000000800225c       0x18 zephyr/libzephyr.a(intc_exti_stm32.c.obj)
                0x000000000800225c                stm32_exti_unset_callback
 .text.stm32_clock_control_on
                0x0000000008002274       0x70 zephyr/libzephyr.a(clock_stm32_ll_common.c.obj)
 .text.stm32_clock_control_off
                0x00000000080022e4       0x54 zephyr/libzephyr.a(clock_stm32_ll_common.c.obj)
 .text.stm32_clock_control_get_subsys_rate
                0x0000000008002338       0x28 zephyr/libzephyr.a(clock_stm32_ll_common.c.obj)
 .text.stm32_clock_control_init
                0x0000000008002360       0x88 zephyr/libzephyr.a(clock_stm32_ll_common.c.obj)
 .text.config_enable_default_clocks
                0x00000000080023e8       0x20 zephyr/libzephyr.a(clock_stm32f2_f4_f7.c.obj)
                0x00000000080023e8                config_enable_default_clocks
 .text.z_pinmux_stm32_set
                0x0000000008002408       0x5c zephyr/libzephyr.a(pinmux_stm32.c.obj)
                0x0000000008002408                z_pinmux_stm32_set
 .text.stm32_setup_pins
                0x0000000008002464       0x30 zephyr/libzephyr.a(pinmux_stm32.c.obj)
                0x0000000008002464                stm32_setup_pins
 .text.z_impl_can_attach_msgq
                0x0000000008002494       0x18 zephyr/libzephyr.a(can_common.c.obj)
                0x0000000008002494                z_impl_can_attach_msgq
 .text.can_attach_workq
                0x00000000080024ac       0x34 zephyr/libzephyr.a(can_common.c.obj)
                0x00000000080024ac                can_attach_workq
 .text.can_enter_init_mode
                0x00000000080024e0       0x3c zephyr/libzephyr.a(can_stm32.c.obj)
 .text.can_stm32_runtime_configure
                0x000000000800251c       0xf8 zephyr/libzephyr.a(can_stm32.c.obj)
                0x000000000800251c                can_stm32_runtime_configure
 .text.can_stm32_init
                0x0000000008002614      0x110 zephyr/libzephyr.a(can_stm32.c.obj)
 .text.can_calc_filter_index
                0x0000000008002724       0x5c zephyr/libzephyr.a(can_stm32.c.obj)
 .text.can_stm32_detach
                0x0000000008002780       0xf8 zephyr/libzephyr.a(can_stm32.c.obj)
                0x0000000008002780                can_stm32_detach
 .text.can_stm32_attach_isr
                0x0000000008002878      0x2e0 zephyr/libzephyr.a(can_stm32.c.obj)
                0x0000000008002878                can_stm32_attach_isr
 .text.print_frame
                0x0000000008002b58       0xb4 zephyr/libzephyr.a(can_shell.c.obj)
 .text.read_options
                0x0000000008002c0c       0x64 zephyr/libzephyr.a(can_shell.c.obj)
 .text.read_id  0x0000000008002c70       0x80 zephyr/libzephyr.a(can_shell.c.obj)
 .text.cmd_attach
                0x0000000008002cf0      0x234 zephyr/libzephyr.a(can_shell.c.obj)
 .text.cmd_detach
                0x0000000008002f24       0x6c zephyr/libzephyr.a(can_shell.c.obj)
 .text.cmd_send
                0x0000000008002f90      0x168 zephyr/libzephyr.a(can_shell.c.obj)
 .text.elapsed  0x00000000080030f8       0x3c zephyr/libzephyr.a(cortex_m_systick.c.obj)
 .text.z_clock_isr
                0x0000000008003134       0x44 zephyr/libzephyr.a(cortex_m_systick.c.obj)
                0x0000000008003134                z_clock_isr
 .text.z_clock_driver_init
                0x0000000008003178       0x38 zephyr/libzephyr.a(cortex_m_systick.c.obj)
                0x0000000008003178                z_clock_driver_init
 .text.z_clock_set_timeout
                0x00000000080031b0       0xc8 zephyr/libzephyr.a(cortex_m_systick.c.obj)
                0x00000000080031b0                z_clock_set_timeout
 .text.z_clock_elapsed
                0x0000000008003278       0x3c zephyr/libzephyr.a(cortex_m_systick.c.obj)
                0x0000000008003278                z_clock_elapsed
 .text.z_timer_cycle_get_32
                0x00000000080032b4       0x2c zephyr/libzephyr.a(cortex_m_systick.c.obj)
                0x00000000080032b4                z_timer_cycle_get_32
 .text._HandlerModeExit
                0x00000000080032e0       0x1c zephyr/arch/arch/arm/core/aarch32/libarch__arm__core__aarch32.a(exc_exit.S.obj)
                0x00000000080032e0                z_arm_exc_exit
                0x00000000080032e0                z_arm_int_exit
 .text.arch_swap
                0x00000000080032fc       0x34 zephyr/arch/arch/arm/core/aarch32/libarch__arm__core__aarch32.a(swap.c.obj)
                0x00000000080032fc                arch_swap
 .text.z_arm_pendsv
                0x0000000008003330       0x54 zephyr/arch/arch/arm/core/aarch32/libarch__arm__core__aarch32.a(swap_helper.S.obj)
                0x0000000008003330                z_arm_pendsv
 .text.z_arm_svc
                0x0000000008003384       0x20 zephyr/arch/arch/arm/core/aarch32/libarch__arm__core__aarch32.a(swap_helper.S.obj)
                0x0000000008003384                z_arm_svc
 .text.arch_irq_enable
                0x00000000080033a4       0x20 zephyr/arch/arch/arm/core/aarch32/libarch__arm__core__aarch32.a(irq_manage.c.obj)
                0x00000000080033a4                arch_irq_enable
 .text.z_arm_irq_priority_set
                0x00000000080033c4       0x30 zephyr/arch/arch/arm/core/aarch32/libarch__arm__core__aarch32.a(irq_manage.c.obj)
                0x00000000080033c4                z_arm_irq_priority_set
 .text.arch_new_thread
                0x00000000080033f4       0x44 zephyr/arch/arch/arm/core/aarch32/libarch__arm__core__aarch32.a(thread.c.obj)
                0x00000000080033f4                arch_new_thread
 .text.arch_switch_to_main_thread
                0x0000000008003438       0x3c zephyr/arch/arch/arm/core/aarch32/libarch__arm__core__aarch32.a(thread.c.obj)
                0x0000000008003438                arch_switch_to_main_thread
 .text.z_arm_cpu_idle_init
                0x0000000008003474        0xc zephyr/arch/arch/arm/core/aarch32/libarch__arm__core__aarch32.a(cpu_idle.S.obj)
                0x0000000008003474                z_arm_cpu_idle_init
 .text.arch_cpu_idle
                0x0000000008003480        0xc zephyr/arch/arch/arm/core/aarch32/libarch__arm__core__aarch32.a(cpu_idle.S.obj)
                0x0000000008003480                arch_cpu_idle
 .text.__fault  0x000000000800348c       0x14 zephyr/arch/arch/arm/core/aarch32/libarch__arm__core__aarch32.a(fault_s.S.obj)
                0x000000000800348c                z_arm_bus_fault
                0x000000000800348c                z_arm_usage_fault
                0x000000000800348c                z_arm_mpu_fault
                0x000000000800348c                z_arm_reserved
                0x000000000800348c                z_arm_debug_monitor
                0x000000000800348c                z_arm_hard_fault
 .text.z_SysNmiOnReset
                0x00000000080034a0        0x8 zephyr/arch/arch/arm/core/aarch32/libarch__arm__core__aarch32.a(nmi_on_reset.S.obj)
                0x00000000080034a0                z_SysNmiOnReset
 .text.z_arm_prep_c
                0x00000000080034a8       0x2c zephyr/arch/arch/arm/core/aarch32/libarch__arm__core__aarch32.a(prep_c.c.obj)
                0x00000000080034a8                z_arm_prep_c
 .text._isr_wrapper
                0x00000000080034d4       0x28 zephyr/arch/arch/arm/core/aarch32/libarch__arm__core__aarch32.a(isr_wrapper.S.obj)
                0x00000000080034d4                _isr_wrapper
 .text._reset_section
                0x00000000080034fc       0x2c zephyr/arch/arch/arm/core/aarch32/cortex_m/libarch__arm__core__aarch32__cortex_m.a(reset.S.obj)
                0x00000000080034fc                z_arm_reset
                0x00000000080034fc                __start
 .text.mem_manage_fault.isra.2
                0x0000000008003528       0x38 zephyr/arch/arch/arm/core/aarch32/cortex_m/libarch__arm__core__aarch32__cortex_m.a(fault.c.obj)
 .text.bus_fault.isra.3
                0x0000000008003560       0x3c zephyr/arch/arch/arm/core/aarch32/cortex_m/libarch__arm__core__aarch32__cortex_m.a(fault.c.obj)
 .text.usage_fault.isra.4
                0x000000000800359c       0x24 zephyr/arch/arch/arm/core/aarch32/cortex_m/libarch__arm__core__aarch32__cortex_m.a(fault.c.obj)
 .text.z_arm_fault
                0x00000000080035c0       0xe8 zephyr/arch/arch/arm/core/aarch32/cortex_m/libarch__arm__core__aarch32__cortex_m.a(fault.c.obj)
                0x00000000080035c0                z_arm_fault
 .text.z_arm_fault_init
                0x00000000080036a8       0x10 zephyr/arch/arch/arm/core/aarch32/cortex_m/libarch__arm__core__aarch32__cortex_m.a(fault.c.obj)
                0x00000000080036a8                z_arm_fault_init
 .text.z_arm_int_lib_init
                0x00000000080036b8       0x18 zephyr/arch/arch/arm/core/aarch32/cortex_m/libarch__arm__core__aarch32__cortex_m.a(irq_init.c.obj)
                0x00000000080036b8                z_arm_int_lib_init
 .text.z_impl_k_thread_abort
                0x00000000080036d0       0x4c zephyr/arch/arch/arm/core/aarch32/cortex_m/libarch__arm__core__aarch32__cortex_m.a(thread_abort.c.obj)
                0x00000000080036d0                z_impl_k_thread_abort
 .text.z_arm_configure_static_mpu_regions
                0x000000000800371c       0x38 zephyr/arch/arch/arm/core/aarch32/cortex_m/mpu/libarch__arm__core__aarch32__cortex_m__mpu.a(arm_core_mpu.c.obj)
                0x000000000800371c                z_arm_configure_static_mpu_regions
 .text.mpu_configure_regions
                0x0000000008003754       0x88 zephyr/arch/arch/arm/core/aarch32/cortex_m/mpu/libarch__arm__core__aarch32__cortex_m__mpu.a(arm_mpu.c.obj)
 .text.arm_core_mpu_enable
                0x00000000080037dc       0x14 zephyr/arch/arch/arm/core/aarch32/cortex_m/mpu/libarch__arm__core__aarch32__cortex_m__mpu.a(arm_mpu.c.obj)
                0x00000000080037dc                arm_core_mpu_enable
 .text.arm_core_mpu_disable
                0x00000000080037f0       0x10 zephyr/arch/arch/arm/core/aarch32/cortex_m/mpu/libarch__arm__core__aarch32__cortex_m__mpu.a(arm_mpu.c.obj)
                0x00000000080037f0                arm_core_mpu_disable
 .text.arm_mpu_init
                0x0000000008003800       0x5c zephyr/arch/arch/arm/core/aarch32/cortex_m/mpu/libarch__arm__core__aarch32__cortex_m__mpu.a(arm_mpu.c.obj)
 .text.arm_core_mpu_configure_static_mpu_regions
                0x000000000800385c       0x14 zephyr/arch/arch/arm/core/aarch32/cortex_m/mpu/libarch__arm__core__aarch32__cortex_m__mpu.a(arm_mpu.c.obj)
                0x000000000800385c                arm_core_mpu_configure_static_mpu_regions
 .text.arm_core_mpu_configure_dynamic_mpu_regions
                0x0000000008003870       0x2c zephyr/arch/arch/arm/core/aarch32/cortex_m/mpu/libarch__arm__core__aarch32__cortex_m__mpu.a(arm_mpu.c.obj)
                0x0000000008003870                arm_core_mpu_configure_dynamic_mpu_regions
 .text.z_prf    0x000000000800389c      0x970 zephyr/lib/libc/minimal/liblib__libc__minimal.a(prf.c.obj)
                0x000000000800389c                z_prf
 .text.pinmux_stm32_init
                0x000000000800420c       0x14 zephyr/boards/arm/stm32f4_disco/libboards__arm__stm32f4_disco.a(pinmux.c.obj)
 .text.gpio_stm32_init
                0x0000000008004220       0x24 zephyr/drivers/gpio/libdrivers__gpio.a(gpio_stm32.c.obj)
 .text.gpio_stm32_config
                0x0000000008004244      0x164 zephyr/drivers/gpio/libdrivers__gpio.a(gpio_stm32.c.obj)
 .text.pwm_stm32_pin_set
                0x00000000080043a8       0xf8 zephyr/drivers/pwm/libdrivers__pwm.a(pwm_stm32.c.obj)
 .text.pwm_stm32_init
                0x00000000080044a0       0x28 zephyr/drivers/pwm/libdrivers__pwm.a(pwm_stm32.c.obj)
 .text.uart_stm32_irq_err_enable
                0x00000000080044c8       0x54 zephyr/drivers/serial/libdrivers__serial.a(uart_stm32.c.obj)
 .text.uart_stm32_irq_err_disable
                0x000000000800451c       0x54 zephyr/drivers/serial/libdrivers__serial.a(uart_stm32.c.obj)
 .text.uart_stm32_configure
                0x0000000008004570      0x114 zephyr/drivers/serial/libdrivers__serial.a(uart_stm32.c.obj)
 .text.uart_stm32_init
                0x0000000008004684       0x84 zephyr/drivers/serial/libdrivers__serial.a(uart_stm32.c.obj)
 .text.TIM_OC1_SetConfig
                0x0000000008004708       0x64 zephyr/modules/stm32/stm32cube/lib..__modules__hal__stm32__stm32cube.a(stm32f4xx_hal_tim.c.obj)
 .text.TIM_OC3_SetConfig
                0x000000000800476c       0x6c zephyr/modules/stm32/stm32cube/lib..__modules__hal__stm32__stm32cube.a(stm32f4xx_hal_tim.c.obj)
 .text.TIM_OC4_SetConfig
                0x00000000080047d8       0x4c zephyr/modules/stm32/stm32cube/lib..__modules__hal__stm32__stm32cube.a(stm32f4xx_hal_tim.c.obj)
 .text.TIM_Base_SetConfig
                0x0000000008004824       0xcc zephyr/modules/stm32/stm32cube/lib..__modules__hal__stm32__stm32cube.a(stm32f4xx_hal_tim.c.obj)
                0x0000000008004824                TIM_Base_SetConfig
 .text.TIM_OC2_SetConfig
                0x00000000080048f0       0x6c zephyr/modules/stm32/stm32cube/lib..__modules__hal__stm32__stm32cube.a(stm32f4xx_hal_tim.c.obj)
                0x00000000080048f0                TIM_OC2_SetConfig
 .text.HAL_TIM_OC_Start
                0x000000000800495c       0x40 zephyr/modules/stm32/stm32cube/lib..__modules__hal__stm32__stm32cube.a(stm32f4xx_hal_tim.c.obj)
                0x000000000800495c                HAL_TIM_OC_Start
 .text.UTILS_PLL_IsBusy
                0x000000000800499c       0x1c zephyr/modules/stm32/stm32cube/lib..__modules__hal__stm32__stm32cube.a(stm32f4xx_ll_utils.c.obj)
 .text.UTILS_SetFlashLatency.part.0
                0x00000000080049b8       0xa4 zephyr/modules/stm32/stm32cube/lib..__modules__hal__stm32__stm32cube.a(stm32f4xx_ll_utils.c.obj)
 .text.UTILS_EnablePLLAndSwitchSystem
                0x0000000008004a5c       0xa0 zephyr/modules/stm32/stm32cube/lib..__modules__hal__stm32__stm32cube.a(stm32f4xx_ll_utils.c.obj)
 .text.LL_PLL_ConfigSystemClock_HSE
                0x0000000008004afc       0x94 zephyr/modules/stm32/stm32cube/lib..__modules__hal__stm32__stm32cube.a(stm32f4xx_ll_utils.c.obj)
                0x0000000008004afc                LL_PLL_ConfigSystemClock_HSE
 .text.z_sys_device_do_config_level
                0x0000000008004b90       0x34 zephyr/kernel/libkernel.a(device.c.obj)
                0x0000000008004b90                z_sys_device_do_config_level
 .text.z_impl_device_get_binding
                0x0000000008004bc4       0x4c zephyr/kernel/libkernel.a(device.c.obj)
                0x0000000008004bc4                z_impl_device_get_binding
 .text.z_impl_z_errno
                0x0000000008004c10        0xc zephyr/kernel/libkernel.a(errno.c.obj)
                0x0000000008004c10                z_impl_z_errno
 .text.z_bss_zero
                0x0000000008004c1c       0x30 zephyr/kernel/libkernel.a(init.c.obj)
                0x0000000008004c1c                z_bss_zero
 .text.z_data_copy
                0x0000000008004c4c       0x4c zephyr/kernel/libkernel.a(init.c.obj)
                0x0000000008004c4c                z_data_copy
 .text.bg_thread_main
                0x0000000008004c98       0x28 zephyr/kernel/libkernel.a(init.c.obj)
 .text.z_cstart
                0x0000000008004cc0      0x10c zephyr/kernel/libkernel.a(init.c.obj)
                0x0000000008004cc0                z_cstart
 .text.z_impl_k_msgq_put
                0x0000000008004dcc       0xa4 zephyr/kernel/libkernel.a(msg_q.c.obj)
                0x0000000008004dcc                z_impl_k_msgq_put
 .text.z_impl_k_msgq_get
                0x0000000008004e70       0xbc zephyr/kernel/libkernel.a(msg_q.c.obj)
                0x0000000008004e70                z_impl_k_msgq_get
 .text.z_impl_k_mutex_lock
                0x0000000008004f2c       0xe4 zephyr/kernel/libkernel.a(mutex.c.obj)
                0x0000000008004f2c                z_impl_k_mutex_lock
 .text.z_impl_k_mutex_unlock
                0x0000000008005010       0x80 zephyr/kernel/libkernel.a(mutex.c.obj)
                0x0000000008005010                z_impl_k_mutex_unlock
 .text.z_reset_time_slice
                0x0000000008005090       0x2c zephyr/kernel/libkernel.a(sched.c.obj)
                0x0000000008005090                z_reset_time_slice
 .text.k_sched_time_slice_set
                0x00000000080050bc       0x40 zephyr/kernel/libkernel.a(sched.c.obj)
                0x00000000080050bc                k_sched_time_slice_set
 .text.k_sched_lock
                0x00000000080050fc       0x28 zephyr/kernel/libkernel.a(sched.c.obj)
                0x00000000080050fc                k_sched_lock
 .text.z_priq_dumb_remove
                0x0000000008005124       0x2c zephyr/kernel/libkernel.a(sched.c.obj)
                0x0000000008005124                z_priq_dumb_remove
 .text.update_cache
                0x0000000008005150       0x3c zephyr/kernel/libkernel.a(sched.c.obj)
 .text.k_sched_unlock
                0x000000000800518c       0x38 zephyr/kernel/libkernel.a(sched.c.obj)
                0x000000000800518c                k_sched_unlock
 .text.z_add_thread_to_ready_q
                0x00000000080051c4       0x6c zephyr/kernel/libkernel.a(sched.c.obj)
                0x00000000080051c4                z_add_thread_to_ready_q
 .text.z_move_thread_to_end_of_prio_q
                0x0000000008005230       0x84 zephyr/kernel/libkernel.a(sched.c.obj)
                0x0000000008005230                z_move_thread_to_end_of_prio_q
 .text.z_time_slice
                0x00000000080052b4       0x6c zephyr/kernel/libkernel.a(sched.c.obj)
                0x00000000080052b4                z_time_slice
 .text.z_remove_thread_from_ready_q
                0x0000000008005320       0x4c zephyr/kernel/libkernel.a(sched.c.obj)
                0x0000000008005320                z_remove_thread_from_ready_q
 .text.pend     0x000000000800536c       0x74 zephyr/kernel/libkernel.a(sched.c.obj)
 .text.z_pend_curr_irqlock
                0x00000000080053e0       0x48 zephyr/kernel/libkernel.a(sched.c.obj)
                0x00000000080053e0                z_pend_curr_irqlock
 .text.z_pend_curr
                0x0000000008005428       0x28 zephyr/kernel/libkernel.a(sched.c.obj)
                0x0000000008005428                z_pend_curr
 .text.z_tick_sleep.part.19
                0x0000000008005450       0x5c zephyr/kernel/libkernel.a(sched.c.obj)
 .text.z_set_prio
                0x00000000080054ac       0x84 zephyr/kernel/libkernel.a(sched.c.obj)
                0x00000000080054ac                z_set_prio
 .text.z_sched_init
                0x0000000008005530       0x18 zephyr/kernel/libkernel.a(sched.c.obj)
                0x0000000008005530                z_sched_init
 .text.z_impl_k_yield
                0x0000000008005548       0x98 zephyr/kernel/libkernel.a(sched.c.obj)
                0x0000000008005548                z_impl_k_yield
 .text.z_impl_k_sleep
                0x00000000080055e0       0x3c zephyr/kernel/libkernel.a(sched.c.obj)
                0x00000000080055e0                z_impl_k_sleep
 .text.z_impl_k_current_get
                0x000000000800561c        0xc zephyr/kernel/libkernel.a(sched.c.obj)
                0x000000000800561c                z_impl_k_current_get
 .text.z_impl_k_sem_give
                0x0000000008005628       0x58 zephyr/kernel/libkernel.a(sem.c.obj)
                0x0000000008005628                z_impl_k_sem_give
 .text.z_impl_k_sem_take
                0x0000000008005680       0x48 zephyr/kernel/libkernel.a(sem.c.obj)
                0x0000000008005680                z_impl_k_sem_take
 .text.k_sys_work_q_init
                0x00000000080056c8       0x30 zephyr/kernel/libkernel.a(system_work_q.c.obj)
 .text.z_impl_k_busy_wait
                0x00000000080056f8       0x2c zephyr/kernel/libkernel.a(thread.c.obj)
                0x00000000080056f8                z_impl_k_busy_wait
 .text.z_impl_k_thread_start
                0x0000000008005724       0x48 zephyr/kernel/libkernel.a(thread.c.obj)
                0x0000000008005724                z_impl_k_thread_start
 .text.z_setup_new_thread
                0x000000000800576c       0x30 zephyr/kernel/libkernel.a(thread.c.obj)
                0x000000000800576c                z_setup_new_thread
 .text.z_impl_k_thread_create
                0x000000000800579c       0x4c zephyr/kernel/libkernel.a(thread.c.obj)
                0x000000000800579c                z_impl_k_thread_create
 .text.z_thread_single_suspend
                0x00000000080057e8       0x48 zephyr/kernel/libkernel.a(thread.c.obj)
                0x00000000080057e8                z_thread_single_suspend
 .text.z_impl_k_thread_suspend
                0x0000000008005830       0x40 zephyr/kernel/libkernel.a(thread.c.obj)
                0x0000000008005830                z_impl_k_thread_suspend
 .text.z_init_static_threads
                0x0000000008005870       0x90 zephyr/kernel/libkernel.a(thread.c.obj)
                0x0000000008005870                z_init_static_threads
 .text.k_work_q_start
                0x0000000008005900       0x48 zephyr/kernel/libkernel.a(work_q.c.obj)
                0x0000000008005900                k_work_q_start
 .text.elapsed  0x0000000008005948       0x14 zephyr/kernel/libkernel.a(timeout.c.obj)
 .text.remove_timeout
                0x000000000800595c       0x28 zephyr/kernel/libkernel.a(timeout.c.obj)
 .text.next_timeout
                0x0000000008005984       0x38 zephyr/kernel/libkernel.a(timeout.c.obj)
 .text.z_add_timeout
                0x00000000080059bc       0x84 zephyr/kernel/libkernel.a(timeout.c.obj)
                0x00000000080059bc                z_add_timeout
 .text.z_clock_announce
                0x0000000008005a40       0xac zephyr/kernel/libkernel.a(timeout.c.obj)
                0x0000000008005a40                z_clock_announce
 .text.z_tick_get
                0x0000000008005aec       0x3c zephyr/kernel/libkernel.a(timeout.c.obj)
                0x0000000008005aec                z_tick_get
 .text.k_poll_event_init
                0x0000000008005b28       0x28 zephyr/kernel/libkernel.a(poll.c.obj)
                0x0000000008005b28                k_poll_event_init
 .text.z_impl_k_poll
                0x0000000008005b50       0xa8 zephyr/kernel/libkernel.a(poll.c.obj)
                0x0000000008005b50                z_impl_k_poll
 .text.z_impl_k_poll_signal_raise
                0x0000000008005bf8       0x54 zephyr/kernel/libkernel.a(poll.c.obj)
                0x0000000008005bf8                z_impl_k_poll_signal_raise
 .text.init_static_pools
                0x0000000008005c4c       0x28 zephyr/kernel/libkernel.a(mempool.c.obj)
                0x0000000008005c4c                init_static_pools
 .text.k_mem_pool_alloc
                0x0000000008005c74       0x98 zephyr/kernel/libkernel.a(mempool.c.obj)
                0x0000000008005c74                k_mem_pool_alloc
 .text.k_mem_pool_free_id
                0x0000000008005d0c       0x58 zephyr/kernel/libkernel.a(mempool.c.obj)
                0x0000000008005d0c                k_mem_pool_free_id
 .text.z_thread_malloc
                0x0000000008005d64       0x14 zephyr/kernel/libkernel.a(mempool.c.obj)
                0x0000000008005d64                z_thread_malloc
 .text.state_change_work_handler
                0x0000000008005d78        0x2 app/libapp.a(main.c.obj)
                0x0000000008005d78                state_change_work_handler
 .text.k_sleep  0x0000000008005d7a        0x4 app/libapp.a(main.c.obj)
 .text.gpio_pin_write
                0x0000000008005d7e       0x12 app/libapp.a(main.c.obj)
 .text.change_led
                0x0000000008005d90       0x16 app/libapp.a(main.c.obj)
                0x0000000008005d90                change_led
 .text.int32_to_array
                0x0000000008005da6       0x10 app/libapp.a(main.c.obj)
                0x0000000008005da6                int32_to_array
 .text.get_motor_status
                0x0000000008005db6       0x88 app/libapp.a(main.c.obj)
                0x0000000008005db6                get_motor_status
 .text.get_error_register
                0x0000000008005e3e       0x28 app/libapp.a(main.c.obj)
                0x0000000008005e3e                get_error_register
 .text.get_motor_mode
                0x0000000008005e66       0x26 app/libapp.a(main.c.obj)
                0x0000000008005e66                get_motor_mode
 .text.motor_enable
                0x0000000008005e8c       0x34 app/libapp.a(main.c.obj)
                0x0000000008005e8c                motor_enable
 .text.motor_disable
                0x0000000008005ec0       0x2e app/libapp.a(main.c.obj)
                0x0000000008005ec0                motor_disable
 .text.motor_mode
                0x0000000008005eee       0x36 app/libapp.a(main.c.obj)
                0x0000000008005eee                motor_mode
 .text.motor_set_velocity
                0x0000000008005f24       0x2e app/libapp.a(main.c.obj)
                0x0000000008005f24                motor_set_velocity
 .text.motor_set_encoder_resolution
                0x0000000008005f52       0x2e app/libapp.a(main.c.obj)
                0x0000000008005f52                motor_set_encoder_resolution
 .text.get_bit_ptr
                0x0000000008005f80       0x2e zephyr/libzephyr.a(mempool.c.obj)
 .text.pool_irq_lock.isra.2.part.3
                0x0000000008005fae       0x12 zephyr/libzephyr.a(mempool.c.obj)
 .text.pool_irq_unlock.isra.4
                0x0000000008005fc0        0xe zephyr/libzephyr.a(mempool.c.obj)
 .text.z_sys_mem_pool_base_init
                0x0000000008005fce       0x8c zephyr/libzephyr.a(mempool.c.obj)
                0x0000000008005fce                z_sys_mem_pool_base_init
 .text.z_sys_mem_pool_block_alloc
                0x000000000800605a      0x166 zephyr/libzephyr.a(mempool.c.obj)
                0x000000000800605a                z_sys_mem_pool_block_alloc
 .text.z_sys_mem_pool_block_free
                0x00000000080061c0      0x134 zephyr/libzephyr.a(mempool.c.obj)
                0x00000000080061c0                z_sys_mem_pool_block_free
 .text.z_thread_entry
                0x00000000080062f4       0x14 zephyr/libzephyr.a(thread_entry.c.obj)
                0x00000000080062f4                z_thread_entry
 .text.z_work_q_main
                0x0000000008006308       0x3e zephyr/libzephyr.a(work_q.c.obj)
                0x0000000008006308                z_work_q_main
 .text.arch_printk_char_out
                0x0000000008006346        0x4 zephyr/libzephyr.a(printk.c.obj)
                0x0000000008006346                arch_printk_char_out
 .text.print_err
                0x000000000800634a       0x1c zephyr/libzephyr.a(printk.c.obj)
 .text.z_vprintk
                0x0000000008006366      0x2e0 zephyr/libzephyr.a(printk.c.obj)
                0x0000000008006366                z_vprintk
 .text.printk   0x0000000008006646       0x1a zephyr/libzephyr.a(printk.c.obj)
                0x0000000008006646                printk
 .text.ring_buf_space_get
                0x0000000008006660       0x18 zephyr/libzephyr.a(ring_buffer.c.obj)
 .text.ring_buf_put_claim
                0x0000000008006678       0x38 zephyr/libzephyr.a(ring_buffer.c.obj)
                0x0000000008006678                ring_buf_put_claim
 .text.ring_buf_put_finish
                0x00000000080066b0       0x26 zephyr/libzephyr.a(ring_buffer.c.obj)
                0x00000000080066b0                ring_buf_put_finish
 .text.ring_buf_put
                0x00000000080066d6       0x3e zephyr/libzephyr.a(ring_buffer.c.obj)
                0x00000000080066d6                ring_buf_put
 .text.ring_buf_get_claim
                0x0000000008006714       0x42 zephyr/libzephyr.a(ring_buffer.c.obj)
                0x0000000008006714                ring_buf_get_claim
 .text.ring_buf_get_finish
                0x0000000008006756       0x2a zephyr/libzephyr.a(ring_buffer.c.obj)
                0x0000000008006756                ring_buf_get_finish
 .text.ring_buf_get
                0x0000000008006780       0x3e zephyr/libzephyr.a(ring_buffer.c.obj)
                0x0000000008006780                ring_buf_get
 .text._ConfigAbsSyms
                0x00000000080067be        0x2 zephyr/libzephyr.a(configs.c.obj)
                0x00000000080067be                _ConfigAbsSyms
 .text.foldcase
                0x00000000080067c0       0x10 zephyr/libzephyr.a(fnmatch.c.obj)
 .text.fnmatchx
                0x00000000080067d0      0x254 zephyr/libzephyr.a(fnmatch.c.obj)
 .text.fnmatch  0x0000000008006a24        0x6 zephyr/libzephyr.a(fnmatch.c.obj)
                0x0000000008006a24                fnmatch
 .text.shell_strlen
                0x0000000008006a2a        0xc zephyr/libzephyr.a(shell.c.obj)
 .text.shell_raw_fprintf
                0x0000000008006a36       0x1a zephyr/libzephyr.a(shell.c.obj)
 .text.shell_internal_help_print
                0x0000000008006a50       0x12 zephyr/libzephyr.a(shell.c.obj)
 .text.state_set.constprop.31
                0x0000000008006a62       0x14 zephyr/libzephyr.a(shell.c.obj)
 .text.transport_evt_handler
                0x0000000008006a76       0x14 zephyr/libzephyr.a(shell.c.obj)
 .text.k_mutex_lock.constprop.34
                0x0000000008006a8a        0x8 zephyr/libzephyr.a(shell.c.obj)
 .text.shell_fprintf
                0x0000000008006a92       0x5a zephyr/libzephyr.a(shell.c.obj)
                0x0000000008006a92                shell_fprintf
 .text.shell_fprintf_buffer_flush
                0x0000000008006aec       0x18 zephyr/libzephyr.a(shell_fprintf.c.obj)
                0x0000000008006aec                shell_fprintf_buffer_flush
 .text.out_func
                0x0000000008006b04       0x38 zephyr/libzephyr.a(shell_fprintf.c.obj)
 .text.isspace  0x0000000008006b3c       0x14 zephyr/libzephyr.a(shell_utils.c.obj)
 .text.shell_strlen
                0x0000000008006b50        0xc zephyr/libzephyr.a(shell_utils.c.obj)
 .text.column_span_with_buffer_offsets_get
                0x0000000008006b5c       0x1e zephyr/libzephyr.a(shell_utils.c.obj)
                0x0000000008006b5c                column_span_with_buffer_offsets_get
 .text.row_span_with_buffer_offsets_get
                0x0000000008006b7a       0x16 zephyr/libzephyr.a(shell_utils.c.obj)
                0x0000000008006b7a                row_span_with_buffer_offsets_get
 .text.shell_multiline_data_calc
                0x0000000008006b90       0x2c zephyr/libzephyr.a(shell_utils.c.obj)
                0x0000000008006b90                shell_multiline_data_calc
 .text.shell_make_argv
                0x0000000008006bbc      0x18a zephyr/libzephyr.a(shell_utils.c.obj)
                0x0000000008006bbc                shell_make_argv
 .text.shell_pattern_remove
                0x0000000008006d46       0x4e zephyr/libzephyr.a(shell_utils.c.obj)
                0x0000000008006d46                shell_pattern_remove
 .text.shell_get_last_command
                0x0000000008006d94       0x96 zephyr/libzephyr.a(shell_utils.c.obj)
                0x0000000008006d94                shell_get_last_command
 .text.shell_spaces_trim
                0x0000000008006e2a       0x68 zephyr/libzephyr.a(shell_utils.c.obj)
                0x0000000008006e2a                shell_spaces_trim
 .text.shell_cmd_trim
                0x0000000008006e92       0x70 zephyr/libzephyr.a(shell_utils.c.obj)
                0x0000000008006e92                shell_cmd_trim
 .text.shell_raw_fprintf
                0x0000000008006f02       0x1a zephyr/libzephyr.a(shell_ops.c.obj)
 .text.full_line_cmd.isra.8
                0x0000000008006f1c       0x28 zephyr/libzephyr.a(shell_ops.c.obj)
 .text.shell_cursor_in_empty_line
                0x0000000008006f44       0x28 zephyr/libzephyr.a(shell_ops.c.obj)
                0x0000000008006f44                shell_cursor_in_empty_line
 .text.shell_op_cursor_move
                0x0000000008006f6c       0x48 zephyr/libzephyr.a(shell_ops.c.obj)
                0x0000000008006f6c                shell_op_cursor_move
 .text.shell_op_cursor_word_move
                0x0000000008006fb4       0x74 zephyr/libzephyr.a(shell_ops.c.obj)
                0x0000000008006fb4                shell_op_cursor_word_move
 .text.shell_op_cursor_home_move
                0x0000000008007028        0xc zephyr/libzephyr.a(shell_ops.c.obj)
                0x0000000008007028                shell_op_cursor_home_move
 .text.shell_op_cursor_end_move
                0x0000000008007034        0xe zephyr/libzephyr.a(shell_ops.c.obj)
                0x0000000008007034                shell_op_cursor_end_move
 .text.shell_op_left_arrow
                0x0000000008007042       0x10 zephyr/libzephyr.a(shell_ops.c.obj)
                0x0000000008007042                shell_op_left_arrow
 .text.shell_op_right_arrow
                0x0000000008007052       0x12 zephyr/libzephyr.a(shell_ops.c.obj)
                0x0000000008007052                shell_op_right_arrow
 .text.shell_op_delete_from_cursor
                0x0000000008007064       0x14 zephyr/libzephyr.a(shell_ops.c.obj)
                0x0000000008007064                shell_op_delete_from_cursor
 .text.shell_cmd_line_erase
                0x0000000008007078       0x34 zephyr/libzephyr.a(shell_ops.c.obj)
                0x0000000008007078                shell_cmd_line_erase
 .text.shell_write
                0x00000000080070ac       0x66 zephyr/libzephyr.a(shell_ops.c.obj)
                0x00000000080070ac                shell_write
 .text.shell_print_stream
                0x0000000008007112        0x4 zephyr/libzephyr.a(shell_ops.c.obj)
                0x0000000008007112                shell_print_stream
 .text.shell_internal_vfprintf
                0x0000000008007116       0x50 zephyr/libzephyr.a(shell_ops.c.obj)
                0x0000000008007116                shell_internal_vfprintf
 .text.shell_internal_fprintf
                0x0000000008007166       0x1a zephyr/libzephyr.a(shell_ops.c.obj)
                0x0000000008007166                shell_internal_fprintf
 .text.data_insert
                0x0000000008007180       0x64 zephyr/libzephyr.a(shell_ops.c.obj)
 .text.shell_op_completion_insert
                0x00000000080071e4        0x4 zephyr/libzephyr.a(shell_ops.c.obj)
                0x00000000080071e4                shell_op_completion_insert
 .text.shell_op_char_delete
                0x00000000080071e8       0x36 zephyr/libzephyr.a(shell_ops.c.obj)
                0x00000000080071e8                shell_op_char_delete
 .text.shell_op_char_backspace
                0x000000000800721e       0x22 zephyr/libzephyr.a(shell_ops.c.obj)
                0x000000000800721e                shell_op_char_backspace
 .text.z_impl_uart_irq_tx_disable
                0x0000000008007240        0xa zephyr/libzephyr.a(shell_uart.c.obj)
 .text.uninit   0x000000000800724a        0x4 zephyr/libzephyr.a(shell_uart.c.obj)
 .text.read     0x000000000800724e       0x12 zephyr/libzephyr.a(shell_uart.c.obj)
 .text.write    0x0000000008007260       0x6c zephyr/libzephyr.a(shell_uart.c.obj)
 .text.enable   0x00000000080072cc       0x14 zephyr/libzephyr.a(shell_uart.c.obj)
 .text.uart_callback
                0x00000000080072e0       0xd8 zephyr/libzephyr.a(shell_uart.c.obj)
 .text.shell_raw_fprintf
                0x00000000080073b8       0x1a zephyr/libzephyr.a(shell_help.c.obj)
 .text.cmd_bacskpace_mode_backspace
                0x00000000080073d2       0x12 zephyr/libzephyr.a(shell_cmds.c.obj)
 .text.cmd_bacskpace_mode_delete
                0x00000000080073e4       0x12 zephyr/libzephyr.a(shell_cmds.c.obj)
 .text.cmd_colors_off
                0x00000000080073f6       0x12 zephyr/libzephyr.a(shell_cmds.c.obj)
 .text.cmd_colors_on
                0x0000000008007408       0x12 zephyr/libzephyr.a(shell_cmds.c.obj)
 .text.cmd_echo_off
                0x000000000800741a       0x12 zephyr/libzephyr.a(shell_cmds.c.obj)
 .text.cmd_echo_on
                0x000000000800742c       0x12 zephyr/libzephyr.a(shell_cmds.c.obj)
 .text.cmd_shell_stats_reset
                0x000000000800743e        0x8 zephyr/libzephyr.a(shell_cmds.c.obj)
 .text.shell_raw_fprintf
                0x0000000008007446       0x1a zephyr/libzephyr.a(shell_cmds.c.obj)
 .text.remove_from_tail.part.4
                0x0000000008007460       0x24 zephyr/libzephyr.a(shell_history.c.obj)
 .text.shell_history_mode_exit
                0x0000000008007484        0x6 zephyr/libzephyr.a(shell_history.c.obj)
                0x0000000008007484                shell_history_mode_exit
 .text.shell_history_get
                0x000000000800748a       0x56 zephyr/libzephyr.a(shell_history.c.obj)
                0x000000000800748a                shell_history_get
 .text.shell_history_purge
                0x00000000080074e0       0x18 zephyr/libzephyr.a(shell_history.c.obj)
                0x00000000080074e0                shell_history_purge
 .text.shell_history_put
                0x00000000080074f8       0xd6 zephyr/libzephyr.a(shell_history.c.obj)
                0x00000000080074f8                shell_history_put
 .text.shell_history_init
                0x00000000080075ce        0xc zephyr/libzephyr.a(shell_history.c.obj)
                0x00000000080075ce                shell_history_init
 .text.shell_wildcard_character_exist
                0x00000000080075da       0x28 zephyr/libzephyr.a(shell_wildcard.c.obj)
                0x00000000080075da                shell_wildcard_character_exist
 .text.shell_wildcard_prepare
                0x0000000008007602       0x44 zephyr/libzephyr.a(shell_wildcard.c.obj)
                0x0000000008007602                shell_wildcard_prepare
 .text.shell_wildcard_finalize
                0x0000000008007646       0x1a zephyr/libzephyr.a(shell_wildcard.c.obj)
                0x0000000008007646                shell_wildcard_finalize
 .text.__stm32_exti_isr_0
                0x0000000008007660        0xa zephyr/libzephyr.a(intc_exti_stm32.c.obj)
 .text.__stm32_exti_isr_1
                0x000000000800766a        0xa zephyr/libzephyr.a(intc_exti_stm32.c.obj)
 .text.__stm32_exti_isr_2
                0x0000000008007674        0xa zephyr/libzephyr.a(intc_exti_stm32.c.obj)
 .text.__stm32_exti_isr_3
                0x000000000800767e        0xa zephyr/libzephyr.a(intc_exti_stm32.c.obj)
 .text.__stm32_exti_isr_4
                0x0000000008007688        0xa zephyr/libzephyr.a(intc_exti_stm32.c.obj)
 .text.__stm32_exti_isr_9_5
                0x0000000008007692        0xa zephyr/libzephyr.a(intc_exti_stm32.c.obj)
 .text.__stm32_exti_isr_15_10
                0x000000000800769c        0xa zephyr/libzephyr.a(intc_exti_stm32.c.obj)
 .text.__stm32_exti_isr_16
                0x00000000080076a6        0xa zephyr/libzephyr.a(intc_exti_stm32.c.obj)
 .text.__stm32_exti_isr_18
                0x00000000080076b0        0xa zephyr/libzephyr.a(intc_exti_stm32.c.obj)
 .text.__stm32_exti_isr_21
                0x00000000080076ba        0xa zephyr/libzephyr.a(intc_exti_stm32.c.obj)
 .text.__stm32_exti_isr_22
                0x00000000080076c4        0xa zephyr/libzephyr.a(intc_exti_stm32.c.obj)
 .text.stm32_exti_init
                0x00000000080076ce       0x74 zephyr/libzephyr.a(intc_exti_stm32.c.obj)
 .text.config_pll_init
                0x0000000008007742       0x12 zephyr/libzephyr.a(clock_stm32f2_f4_f7.c.obj)
                0x0000000008007742                config_pll_init
 .text.LL_RCC_MSI_Disable
                0x0000000008007754        0x2 zephyr/libzephyr.a(clock_stm32f2_f4_f7.c.obj)
                0x0000000008007754                LL_RCC_MSI_Disable
 .text.can_work_handler
                0x0000000008007756       0x46 zephyr/libzephyr.a(can_common.c.obj)
 .text.can_msgq_put
                0x000000000800779c        0xc zephyr/libzephyr.a(can_common.c.obj)
 .text.can_work_isr_put
                0x00000000080077a8       0x6e zephyr/libzephyr.a(can_common.c.obj)
 .text.can_stm32_rx_isr
                0x0000000008007816       0xb2 zephyr/libzephyr.a(can_stm32.c.obj)
 .text.can_stm32_register_state_change_isr
                0x00000000080078c8       0x1e zephyr/libzephyr.a(can_stm32.c.obj)
 .text.can_stm32_get_state
                0x00000000080078e6       0x24 zephyr/libzephyr.a(can_stm32.c.obj)
 .text.can_stm32_set_filter_bank
                0x000000000800790a       0x72 zephyr/libzephyr.a(can_stm32.c.obj)
 .text.config_can_1_irq
                0x000000000800797c       0x42 zephyr/libzephyr.a(can_stm32.c.obj)
 .text.can_stm32_shift_arr
                0x00000000080079be       0x78 zephyr/libzephyr.a(can_stm32.c.obj)
 .text.k_mutex_lock.constprop.6
                0x0000000008007a36        0x8 zephyr/libzephyr.a(can_stm32.c.obj)
 .text.can_stm32_send
                0x0000000008007a3e      0x13c zephyr/libzephyr.a(can_stm32.c.obj)
                0x0000000008007a3e                can_stm32_send
 .text.can_stm32_signal_tx_complete
                0x0000000008007b7a       0x10 zephyr/libzephyr.a(can_stm32.c.obj)
 .text.can_stm32_tx_isr_handler
                0x0000000008007b8a      0x102 zephyr/libzephyr.a(can_stm32.c.obj)
 .text.can_stm32_tx_isr
                0x0000000008007c8c        0xc zephyr/libzephyr.a(can_stm32.c.obj)
 .text.can_stm32_state_change_isr
                0x0000000008007c98       0x5e zephyr/libzephyr.a(can_stm32.c.obj)
 .text.can_stm32_get_filter_type
                0x0000000008007cf6       0x12 zephyr/libzephyr.a(can_stm32.c.obj)
                0x0000000008007cf6                can_stm32_get_filter_type
 .text.z_irq_spurious
                0x0000000008007d08        0x4 zephyr/arch/arch/arm/core/aarch32/libarch__arm__core__aarch32.a(irq_manage.c.obj)
                0x0000000008007d08                z_irq_spurious
 .text.z_arm_fatal_error
                0x0000000008007d0c        0x4 zephyr/arch/arch/arm/core/aarch32/libarch__arm__core__aarch32.a(fatal.c.obj)
                0x0000000008007d0c                z_arm_fatal_error
 .text.z_do_kernel_oops
                0x0000000008007d10        0x8 zephyr/arch/arch/arm/core/aarch32/libarch__arm__core__aarch32.a(fatal.c.obj)
                0x0000000008007d10                z_do_kernel_oops
 .text.z_arm_nmi
                0x0000000008007d18        0xe zephyr/arch/arch/arm/core/aarch32/libarch__arm__core__aarch32.a(nmi.c.obj)
                0x0000000008007d18                z_arm_nmi
 .text.z_arm_configure_dynamic_mpu_regions
                0x0000000008007d26       0x10 zephyr/arch/arch/arm/core/aarch32/cortex_m/mpu/libarch__arm__core__aarch32__cortex_m__mpu.a(arm_core_mpu.c.obj)
                0x0000000008007d26                z_arm_configure_dynamic_mpu_regions
 .text.strtol   0x0000000008007d36       0xec zephyr/lib/libc/minimal/liblib__libc__minimal.a(strtol.c.obj)
                0x0000000008007d36                strtol
 .text.strstr   0x0000000008007e22       0x3a zephyr/lib/libc/minimal/liblib__libc__minimal.a(strstr.c.obj)
                0x0000000008007e22                strstr
 .text.strcpy   0x0000000008007e5c       0x14 zephyr/lib/libc/minimal/liblib__libc__minimal.a(string.c.obj)
                0x0000000008007e5c                strcpy
 .text.strncpy  0x0000000008007e70       0x26 zephyr/lib/libc/minimal/liblib__libc__minimal.a(string.c.obj)
                0x0000000008007e70                strncpy
 .text.strchr   0x0000000008007e96       0x1c zephyr/lib/libc/minimal/liblib__libc__minimal.a(string.c.obj)
                0x0000000008007e96                strchr
 .text.strlen   0x0000000008007eb2        0xe zephyr/lib/libc/minimal/liblib__libc__minimal.a(string.c.obj)
                0x0000000008007eb2                strlen
 .text.strcmp   0x0000000008007ec0       0x18 zephyr/lib/libc/minimal/liblib__libc__minimal.a(string.c.obj)
                0x0000000008007ec0                strcmp
 .text.strncmp  0x0000000008007ed8       0x1e zephyr/lib/libc/minimal/liblib__libc__minimal.a(string.c.obj)
                0x0000000008007ed8                strncmp
 .text.memcmp   0x0000000008007ef6       0x20 zephyr/lib/libc/minimal/liblib__libc__minimal.a(string.c.obj)
                0x0000000008007ef6                memcmp
 .text.memmove  0x0000000008007f16       0x2e zephyr/lib/libc/minimal/liblib__libc__minimal.a(string.c.obj)
                0x0000000008007f16                memmove
 .text.memcpy   0x0000000008007f44       0x54 zephyr/lib/libc/minimal/liblib__libc__minimal.a(string.c.obj)
                0x0000000008007f44                memcpy
 .text.memset   0x0000000008007f98       0x44 zephyr/lib/libc/minimal/liblib__libc__minimal.a(string.c.obj)
                0x0000000008007f98                memset
 .text._to_x    0x0000000008007fdc       0x44 zephyr/lib/libc/minimal/liblib__libc__minimal.a(prf.c.obj)
 .text._rlrshift
                0x0000000008008020       0x24 zephyr/lib/libc/minimal/liblib__libc__minimal.a(prf.c.obj)
 .text._ldiv5   0x0000000008008044       0x58 zephyr/lib/libc/minimal/liblib__libc__minimal.a(prf.c.obj)
 .text._get_digit
                0x000000000800809c       0x2e zephyr/lib/libc/minimal/liblib__libc__minimal.a(prf.c.obj)
 .text.gpio_stm32_isr
                0x00000000080080ca       0x30 zephyr/drivers/gpio/libdrivers__gpio.a(gpio_stm32.c.obj)
 .text.gpio_stm32_write
                0x00000000080080fa       0x22 zephyr/drivers/gpio/libdrivers__gpio.a(gpio_stm32.c.obj)
 .text.gpio_stm32_read
                0x000000000800811c       0x1e zephyr/drivers/gpio/libdrivers__gpio.a(gpio_stm32.c.obj)
 .text.gpio_stm32_manage_callback
                0x000000000800813a       0x56 zephyr/drivers/gpio/libdrivers__gpio.a(gpio_stm32.c.obj)
 .text.gpio_stm32_enable_callback
                0x0000000008008190       0x1a zephyr/drivers/gpio/libdrivers__gpio.a(gpio_stm32.c.obj)
 .text.gpio_stm32_disable_callback
                0x00000000080081aa       0x1c zephyr/drivers/gpio/libdrivers__gpio.a(gpio_stm32.c.obj)
 .text.gpio_stm32_flags_to_conf
                0x00000000080081c6       0x3a zephyr/drivers/gpio/libdrivers__gpio.a(gpio_stm32.c.obj)
                0x00000000080081c6                gpio_stm32_flags_to_conf
 .text.gpio_stm32_configure
                0x0000000008008200      0x106 zephyr/drivers/gpio/libdrivers__gpio.a(gpio_stm32.c.obj)
                0x0000000008008200                gpio_stm32_configure
 .text.pwm_stm32_get_cycles_per_sec
                0x0000000008008306       0x3e zephyr/drivers/pwm/libdrivers__pwm.a(pwm_stm32.c.obj)
 .text.LL_USART_ClearFlag_PE
                0x0000000008008344       0x12 zephyr/drivers/serial/libdrivers__serial.a(uart_stm32.c.obj)
 .text.uart_stm32_poll_in
                0x0000000008008356       0x26 zephyr/drivers/serial/libdrivers__serial.a(uart_stm32.c.obj)
 .text.uart_stm32_poll_out
                0x000000000800837c       0x16 zephyr/drivers/serial/libdrivers__serial.a(uart_stm32.c.obj)
 .text.uart_stm32_err_check
                0x0000000008008392       0x4a zephyr/drivers/serial/libdrivers__serial.a(uart_stm32.c.obj)
 .text.uart_stm32_fifo_fill
                0x00000000080083dc       0x24 zephyr/drivers/serial/libdrivers__serial.a(uart_stm32.c.obj)
 .text.uart_stm32_fifo_read
                0x0000000008008400       0x2e zephyr/drivers/serial/libdrivers__serial.a(uart_stm32.c.obj)
 .text.uart_stm32_irq_tx_enable
                0x000000000800842e       0x10 zephyr/drivers/serial/libdrivers__serial.a(uart_stm32.c.obj)
 .text.uart_stm32_irq_tx_disable
                0x000000000800843e       0x10 zephyr/drivers/serial/libdrivers__serial.a(uart_stm32.c.obj)
 .text.uart_stm32_irq_tx_ready
                0x000000000800844e        0xe zephyr/drivers/serial/libdrivers__serial.a(uart_stm32.c.obj)
 .text.uart_stm32_irq_tx_complete
                0x000000000800845c        0xe zephyr/drivers/serial/libdrivers__serial.a(uart_stm32.c.obj)
 .text.uart_stm32_irq_rx_enable
                0x000000000800846a       0x10 zephyr/drivers/serial/libdrivers__serial.a(uart_stm32.c.obj)
 .text.uart_stm32_irq_rx_disable
                0x000000000800847a       0x10 zephyr/drivers/serial/libdrivers__serial.a(uart_stm32.c.obj)
 .text.uart_stm32_irq_rx_ready
                0x000000000800848a        0xe zephyr/drivers/serial/libdrivers__serial.a(uart_stm32.c.obj)
 .text.uart_stm32_irq_is_pending
                0x0000000008008498       0x26 zephyr/drivers/serial/libdrivers__serial.a(uart_stm32.c.obj)
 .text.uart_stm32_irq_update
                0x00000000080084be        0x4 zephyr/drivers/serial/libdrivers__serial.a(uart_stm32.c.obj)
 .text.uart_stm32_irq_callback_set
                0x00000000080084c2        0x8 zephyr/drivers/serial/libdrivers__serial.a(uart_stm32.c.obj)
 .text.uart_stm32_isr
                0x00000000080084ca        0xc zephyr/drivers/serial/libdrivers__serial.a(uart_stm32.c.obj)
 .text.uart_stm32_irq_config_func_USART_2
                0x00000000080084d6       0x16 zephyr/drivers/serial/libdrivers__serial.a(uart_stm32.c.obj)
 .text.uart_stm32_set_baudrate
                0x00000000080084ec       0x46 zephyr/drivers/serial/libdrivers__serial.a(uart_stm32.c.obj)
 .text.uart_stm32_config_get
                0x0000000008008532       0x6c zephyr/drivers/serial/libdrivers__serial.a(uart_stm32.c.obj)
 .text.HAL_TIM_PWM_MspInit
                0x000000000800859e        0x2 zephyr/modules/stm32/stm32cube/lib..__modules__hal__stm32__stm32cube.a(stm32f4xx_hal_tim.c.obj)
                0x000000000800859e                HAL_TIM_PWM_MspInit
 .text.HAL_TIM_PWM_Init
                0x00000000080085a0       0x34 zephyr/modules/stm32/stm32cube/lib..__modules__hal__stm32__stm32cube.a(stm32f4xx_hal_tim.c.obj)
                0x00000000080085a0                HAL_TIM_PWM_Init
 .text.HAL_TIM_PWM_ConfigChannel
                0x00000000080085d4       0xc4 zephyr/modules/stm32/stm32cube/lib..__modules__hal__stm32__stm32cube.a(stm32f4xx_hal_tim.c.obj)
                0x00000000080085d4                HAL_TIM_PWM_ConfigChannel
 .text.TIM_CCxChannelCmd
                0x0000000008008698       0x1c zephyr/modules/stm32/stm32cube/lib..__modules__hal__stm32__stm32cube.a(stm32f4xx_hal_tim.c.obj)
                0x0000000008008698                TIM_CCxChannelCmd
 .text.HAL_TIM_PWM_Start
                0x00000000080086b4        0x4 zephyr/modules/stm32/stm32cube/lib..__modules__hal__stm32__stm32cube.a(stm32f4xx_hal_tim.c.obj)
                0x00000000080086b4                HAL_TIM_PWM_Start
 .text.arch_system_halt
                0x00000000080086b8       0x12 zephyr/kernel/libkernel.a(fatal.c.obj)
                0x00000000080086b8                arch_system_halt
 .text.k_sys_fatal_error_handler
                0x00000000080086ca        0x6 zephyr/kernel/libkernel.a(fatal.c.obj)
                0x00000000080086ca                k_sys_fatal_error_handler
 .text.z_fatal_error
                0x00000000080086d0       0x1e zephyr/kernel/libkernel.a(fatal.c.obj)
                0x00000000080086d0                z_fatal_error
 .text.z_impl_k_mutex_init
                0x00000000080086ee        0xc zephyr/kernel/libkernel.a(mutex.c.obj)
                0x00000000080086ee                z_impl_k_mutex_init
 .text.queue_insert
                0x00000000080086fa       0xa2 zephyr/kernel/libkernel.a(queue.c.obj)
 .text.z_queue_node_peek
                0x000000000800879c       0x18 zephyr/kernel/libkernel.a(queue.c.obj)
                0x000000000800879c                z_queue_node_peek
 .text.z_impl_k_queue_init
                0x00000000080087b4       0x10 zephyr/kernel/libkernel.a(queue.c.obj)
                0x00000000080087b4                z_impl_k_queue_init
 .text.k_queue_append
                0x00000000080087c4        0xa zephyr/kernel/libkernel.a(queue.c.obj)
                0x00000000080087c4                k_queue_append
 .text.z_impl_k_queue_get
                0x00000000080087ce       0xca zephyr/kernel/libkernel.a(queue.c.obj)
                0x00000000080087ce                z_impl_k_queue_get
 .text.z_is_thread_ready
                0x0000000008008898       0x12 zephyr/kernel/libkernel.a(sched.c.obj)
 .text.z_is_t1_higher_prio_than_t2
                0x00000000080088aa       0x12 zephyr/kernel/libkernel.a(sched.c.obj)
                0x00000000080088aa                z_is_t1_higher_prio_than_t2
 .text.z_unpend_thread_no_timeout
                0x00000000080088bc       0x32 zephyr/kernel/libkernel.a(sched.c.obj)
                0x00000000080088bc                z_unpend_thread_no_timeout
 .text.z_reschedule
                0x00000000080088ee       0x16 zephyr/kernel/libkernel.a(sched.c.obj)
                0x00000000080088ee                z_reschedule
 .text.z_reschedule_irqlock
                0x0000000008008904       0x18 zephyr/kernel/libkernel.a(sched.c.obj)
                0x0000000008008904                z_reschedule_irqlock
 .text.z_reschedule_unlocked
                0x000000000800891c       0x14 zephyr/kernel/libkernel.a(sched.c.obj)
 .text.z_unpend_thread
                0x0000000008008930       0x3c zephyr/kernel/libkernel.a(sched.c.obj)
                0x0000000008008930                z_unpend_thread
 .text.z_priq_dumb_best
                0x000000000800896c        0xc zephyr/kernel/libkernel.a(sched.c.obj)
                0x000000000800896c                z_priq_dumb_best
 .text.z_thread_timeout
                0x0000000008008978       0x62 zephyr/kernel/libkernel.a(sched.c.obj)
                0x0000000008008978                z_thread_timeout
 .text.z_unpend_first_thread
                0x00000000080089da       0x5a zephyr/kernel/libkernel.a(sched.c.obj)
                0x00000000080089da                z_unpend_first_thread
 .text.z_unpend_all
                0x0000000008008a34       0x2c zephyr/kernel/libkernel.a(sched.c.obj)
                0x0000000008008a34                z_unpend_all
 .text.z_impl_k_sem_init
                0x0000000008008a60       0x12 zephyr/kernel/libkernel.a(sem.c.obj)
                0x0000000008008a60                z_impl_k_sem_init
 .text.z_is_thread_ready
                0x0000000008008a72       0x12 zephyr/kernel/libkernel.a(thread.c.obj)
 .text.z_impl_k_thread_name_set
                0x0000000008008a84        0x6 zephyr/kernel/libkernel.a(thread.c.obj)
                0x0000000008008a84                z_impl_k_thread_name_set
 .text.z_new_thread_init
                0x0000000008008a8a       0x1e zephyr/kernel/libkernel.a(thread.c.obj)
                0x0000000008008a8a                z_new_thread_init
 .text.z_thread_single_abort
                0x0000000008008aa8       0x3e zephyr/kernel/libkernel.a(thread.c.obj)
                0x0000000008008aa8                z_thread_single_abort
 .text.z_abort_timeout
                0x0000000008008ae6       0x2c zephyr/kernel/libkernel.a(timeout.c.obj)
                0x0000000008008ae6                z_abort_timeout
 .text.z_get_next_timeout_expiry
                0x0000000008008b12       0x20 zephyr/kernel/libkernel.a(timeout.c.obj)
                0x0000000008008b12                z_get_next_timeout_expiry
 .text.z_set_timeout_expiry
                0x0000000008008b32       0x34 zephyr/kernel/libkernel.a(timeout.c.obj)
                0x0000000008008b32                z_set_timeout_expiry
 .text.z_tick_get_32
                0x0000000008008b66        0x8 zephyr/kernel/libkernel.a(timeout.c.obj)
                0x0000000008008b66                z_tick_get_32
 .text.z_impl_k_uptime_get
                0x0000000008008b6e       0x10 zephyr/kernel/libkernel.a(timeout.c.obj)
                0x0000000008008b6e                z_impl_k_uptime_get
 .text.clear_event_registrations
                0x0000000008008b7e       0x5a zephyr/kernel/libkernel.a(poll.c.obj)
 .text.signal_poll_event
                0x0000000008008bd8       0x36 zephyr/kernel/libkernel.a(poll.c.obj)
 .text.k_poll_poller_cb
                0x0000000008008c0e       0x44 zephyr/kernel/libkernel.a(poll.c.obj)
 .text.add_event
                0x0000000008008c52       0x5c zephyr/kernel/libkernel.a(poll.c.obj)
 .text.register_events
                0x0000000008008cae       0xb4 zephyr/kernel/libkernel.a(poll.c.obj)
 .text.z_handle_obj_poll_events
                0x0000000008008d62       0x1c zephyr/kernel/libkernel.a(poll.c.obj)
                0x0000000008008d62                z_handle_obj_poll_events
 .text.z_impl_k_poll_signal_init
                0x0000000008008d7e        0xa zephyr/kernel/libkernel.a(poll.c.obj)
                0x0000000008008d7e                z_impl_k_poll_signal_init
 .text.z_impl_k_poll_signal_check
                0x0000000008008d88        0xa zephyr/kernel/libkernel.a(poll.c.obj)
                0x0000000008008d88                z_impl_k_poll_signal_check
 .text.idle     0x0000000008008d92       0x28 zephyr/kernel/libkernel.a(idle.c.obj)
                0x0000000008008d92                idle
 .text.k_mem_pool_malloc
                0x0000000008008dba       0x28 zephyr/kernel/libkernel.a(mempool.c.obj)
                0x0000000008008dba                k_mem_pool_malloc
 .text.k_free   0x0000000008008de2        0xa zephyr/kernel/libkernel.a(mempool.c.obj)
                0x0000000008008de2                k_free
 .text._OffsetAbsSyms
                0x0000000008008dec        0x2 zephyr/CMakeFiles/offsets.dir/arch/arm/core/offsets/offsets.c.obj
                0x0000000008008dec                _OffsetAbsSyms
 *(SORT_BY_ALIGNMENT(.gnu.linkonce.t.*))
 *(SORT_BY_ALIGNMENT(.glue_7t))
 .glue_7t       0x0000000008008dee        0x0 linker stubs
 *(SORT_BY_ALIGNMENT(.glue_7))
 .glue_7        0x0000000008008dee        0x0 linker stubs
 *(SORT_BY_ALIGNMENT(.vfp11_veneer))
 .vfp11_veneer  0x0000000008008dee        0x0 linker stubs
 *(SORT_BY_ALIGNMENT(.v4_bx))
 .v4_bx         0x0000000008008dee        0x0 linker stubs
                0x0000000008008dee                _image_text_end = .

.ARM.exidx      0x0000000008008df0        0x8
                0x0000000008008df0                __exidx_start = .
 *(SORT_BY_ALIGNMENT(.ARM.exidx*) SORT_BY_ALIGNMENT(gnu.linkonce.armexidx.*))
 .ARM.exidx     0x0000000008008df0        0x8 /home/kerraiosc/zephyr-sdk-0.10.3/arm-zephyr-eabi/bin/../lib/gcc/arm-zephyr-eabi/8.3.0/thumb/v7e-m/nofp/libgcc.a(_udivmoddi4.o)
                0x0000000008008df8                __exidx_end = .
                0x0000000008008df8                _image_rodata_start = .

sw_isr_table    0x0000000008008df8      0x290
                0x0000000008008df8                . = ALIGN (0x0)
 *(SORT_BY_ALIGNMENT(.gnu.linkonce.sw_isr_table))
 .gnu.linkonce.sw_isr_table
                0x0000000008008df8      0x290 zephyr/CMakeFiles/zephyr_final.dir/isr_tables.c.obj
                0x0000000008008df8                _sw_isr_table

app_shmem_regions
                0x0000000008009088        0x0
                0x0000000008009088                __app_shmem_regions_start = .
 *(SORT_BY_NAME(SORT_BY_ALIGNMENT(.app_regions.*)))
                0x0000000008009088                __app_shmem_regions_end = .

devconfig       0x0000000008009088       0xfc
                0x0000000008009088                __devconfig_start = .
 *(SORT_BY_ALIGNMENT(.devconfig.*))
 .devconfig.init
                0x0000000008009088        0xc zephyr/libzephyr.a(soc.c.obj)
 .devconfig.init
                0x0000000008009094        0xc zephyr/libzephyr.a(shell_uart.c.obj)
 .devconfig.init
                0x00000000080090a0        0xc zephyr/libzephyr.a(intc_exti_stm32.c.obj)
 .devconfig.init
                0x00000000080090ac        0xc zephyr/libzephyr.a(clock_stm32_ll_common.c.obj)
 .devconfig.init
                0x00000000080090b8        0xc zephyr/libzephyr.a(can_stm32.c.obj)
 .devconfig.init
                0x00000000080090c4        0xc zephyr/libzephyr.a(sys_clock_init.c.obj)
 .devconfig.init
                0x00000000080090d0        0xc zephyr/arch/arch/arm/core/aarch32/cortex_m/mpu/libarch__arm__core__aarch32__cortex_m__mpu.a(arm_mpu.c.obj)
 .devconfig.init
                0x00000000080090dc        0xc zephyr/boards/arm/stm32f4_disco/libboards__arm__stm32f4_disco.a(pinmux.c.obj)
 .devconfig.init
                0x00000000080090e8       0x6c zephyr/drivers/gpio/libdrivers__gpio.a(gpio_stm32.c.obj)
 .devconfig.init
                0x0000000008009154        0xc zephyr/drivers/pwm/libdrivers__pwm.a(pwm_stm32.c.obj)
 .devconfig.init
                0x0000000008009160        0xc zephyr/drivers/serial/libdrivers__serial.a(uart_stm32.c.obj)
 .devconfig.init
                0x000000000800916c        0xc zephyr/kernel/libkernel.a(system_work_q.c.obj)
 .devconfig.init
                0x0000000008009178        0xc zephyr/kernel/libkernel.a(mempool.c.obj)
 *(SORT_BY_NAME(SORT_BY_ALIGNMENT(.devconfig*)))
                0x0000000008009184                __devconfig_end = .

net_l2          0x0000000008009184        0x0
                0x0000000008009184                __net_l2_start = .
 *(SORT_BY_ALIGNMENT(.net_l2.init))
 *(SORT_BY_NAME(SORT_BY_ALIGNMENT(.net_l2.init*)))
                0x0000000008009184                __net_l2_end = .

_bt_channels_area
                0x0000000008009184        0x0
                0x0000000008009184                _bt_l2cap_fixed_chan_list_start = .
 *(SORT_BY_NAME(SORT_BY_ALIGNMENT(._bt_l2cap_fixed_chan.static.*)))
                0x0000000008009184                _bt_l2cap_fixed_chan_list_end = .

_bt_services_area
                0x0000000008009184        0x0
                0x0000000008009184                _bt_gatt_service_static_list_start = .
 *(SORT_BY_NAME(SORT_BY_ALIGNMENT(._bt_gatt_service_static.static.*)))
                0x0000000008009184                _bt_gatt_service_static_list_end = .

log_const_sections
                0x0000000008009184        0x0
                0x0000000008009184                __log_const_start = .
 *(SORT_BY_NAME(SORT_BY_ALIGNMENT(.log_const_*)))
                0x0000000008009184                __log_const_end = .

log_backends_sections
                0x0000000008009184        0x0
                0x0000000008009184                __log_backends_start = .
 *(SORT_BY_ALIGNMENT(._log_backend.*))
                0x0000000008009184                __log_backends_end = .

shell_root_cmds_sections
                0x0000000008009184       0x38
                0x0000000008009184                __shell_root_cmds_start = .
 *(SORT_BY_NAME(SORT_BY_ALIGNMENT(.shell_root_cmd_*)))
 .shell_root_cmd_canbus
                0x0000000008009184        0x8 zephyr/libzephyr.a(can_shell.c.obj)
 .shell_root_cmd_clear
                0x000000000800918c        0x8 zephyr/libzephyr.a(shell_cmds.c.obj)
 .shell_root_cmd_device
                0x0000000008009194        0x8 zephyr/libzephyr.a(device_service.c.obj)
 .shell_root_cmd_help
                0x000000000800919c        0x8 zephyr/libzephyr.a(shell_cmds.c.obj)
 .shell_root_cmd_history
                0x00000000080091a4        0x8 zephyr/libzephyr.a(shell_cmds.c.obj)
 .shell_root_cmd_resize
                0x00000000080091ac        0x8 zephyr/libzephyr.a(shell_cmds.c.obj)
 .shell_root_cmd_shell
                0x00000000080091b4        0x8 zephyr/libzephyr.a(shell_cmds.c.obj)
                0x00000000080091bc                __shell_root_cmds_end = .

font_entry_sections
                0x00000000080091bc        0x0
                0x00000000080091bc                __font_entry_start = .
 *(SORT_BY_NAME(SORT_BY_ALIGNMENT(._cfb_font.*)))
                0x00000000080091bc                __font_entry_end = .

rodata          0x00000000080091bc     0x1264
 *(SORT_BY_ALIGNMENT(.rodata))
 .rodata        0x00000000080091bc        0x8 zephyr/drivers/gpio/libdrivers__gpio.a(gpio_stm32.c.obj)
 *(SORT_BY_ALIGNMENT(.rodata.*))
 .rodata._shell_device
                0x00000000080091c4       0x14 zephyr/libzephyr.a(device_service.c.obj)
 .rodata.config_levels
                0x00000000080091d8       0x14 zephyr/libzephyr.a(device_service.c.obj)
 .rodata.shell_sub_device
                0x00000000080091ec       0x3c zephyr/libzephyr.a(device_service.c.obj)
 .rodata.sub_device
                0x0000000008009228        0x8 zephyr/libzephyr.a(device_service.c.obj)
 .rodata.shell_transport_uart_shell_uart
                0x0000000008009230       0x10 zephyr/libzephyr.a(shell_uart.c.obj)
 .rodata.shell_uart
                0x0000000008009240       0x2c zephyr/libzephyr.a(shell_uart.c.obj)
 .rodata.shell_uart_fprintf
                0x000000000800926c       0x14 zephyr/libzephyr.a(shell_uart.c.obj)
 .rodata.shell_uart_transport_api
                0x0000000008009280       0x18 zephyr/libzephyr.a(shell_uart.c.obj)
                0x0000000008009280                shell_uart_transport_api
 .rodata._shell_clear
                0x0000000008009298       0x14 zephyr/libzephyr.a(shell_cmds.c.obj)
 .rodata._shell_help
                0x00000000080092ac       0x14 zephyr/libzephyr.a(shell_cmds.c.obj)
 .rodata._shell_history
                0x00000000080092c0       0x14 zephyr/libzephyr.a(shell_cmds.c.obj)
 .rodata._shell_resize
                0x00000000080092d4       0x14 zephyr/libzephyr.a(shell_cmds.c.obj)
 .rodata._shell_shell
                0x00000000080092e8       0x14 zephyr/libzephyr.a(shell_cmds.c.obj)
 .rodata.m_sub_backspace_mode
                0x00000000080092fc        0x8 zephyr/libzephyr.a(shell_cmds.c.obj)
 .rodata.m_sub_colors
                0x0000000008009304        0x8 zephyr/libzephyr.a(shell_cmds.c.obj)
 .rodata.m_sub_echo
                0x000000000800930c        0x8 zephyr/libzephyr.a(shell_cmds.c.obj)
 .rodata.m_sub_resize
                0x0000000008009314        0x8 zephyr/libzephyr.a(shell_cmds.c.obj)
 .rodata.m_sub_shell
                0x000000000800931c        0x8 zephyr/libzephyr.a(shell_cmds.c.obj)
 .rodata.m_sub_shell_stats
                0x0000000008009324        0x8 zephyr/libzephyr.a(shell_cmds.c.obj)
 .rodata.shell_m_sub_backspace_mode
                0x000000000800932c       0x3c zephyr/libzephyr.a(shell_cmds.c.obj)
 .rodata.shell_m_sub_colors
                0x0000000008009368       0x3c zephyr/libzephyr.a(shell_cmds.c.obj)
 .rodata.shell_m_sub_echo
                0x00000000080093a4       0x3c zephyr/libzephyr.a(shell_cmds.c.obj)
 .rodata.shell_m_sub_resize
                0x00000000080093e0       0x28 zephyr/libzephyr.a(shell_cmds.c.obj)
 .rodata.shell_m_sub_shell
                0x0000000008009408       0x64 zephyr/libzephyr.a(shell_cmds.c.obj)
 .rodata.shell_m_sub_shell_stats
                0x000000000800946c       0x3c zephyr/libzephyr.a(shell_cmds.c.obj)
 .rodata.ports_enable
                0x00000000080094a8       0x2c zephyr/libzephyr.a(pinmux_stm32.c.obj)
 .rodata.can_api_funcs
                0x00000000080094d4       0x18 zephyr/libzephyr.a(can_stm32.c.obj)
 .rodata.can_stm32_cfg_1
                0x00000000080094ec       0x18 zephyr/libzephyr.a(can_stm32.c.obj)
 .rodata._shell_canbus
                0x0000000008009504       0x14 zephyr/libzephyr.a(can_shell.c.obj)
 .rodata.shell_sub_can
                0x0000000008009518       0x50 zephyr/libzephyr.a(can_shell.c.obj)
 .rodata.sub_can
                0x0000000008009568        0x8 zephyr/libzephyr.a(can_shell.c.obj)
 .rodata.mpu_config
                0x0000000008009570        0x8 zephyr/soc/arm/common/cortex_m/libsoc__arm__common__cortex_m.a(arm_mpu_regions.c.obj)
                0x0000000008009570                mpu_config
 .rodata.mpu_regions
                0x0000000008009578       0x18 zephyr/soc/arm/common/cortex_m/libsoc__arm__common__cortex_m.a(arm_mpu_regions.c.obj)
 .rodata.pinconf
                0x0000000008009590       0x28 zephyr/boards/arm/stm32f4_disco/libboards__arm__stm32f4_disco.a(pinmux.c.obj)
 .rodata.gpio_stm32_cfg_a
                0x00000000080095b8       0x10 zephyr/drivers/gpio/libdrivers__gpio.a(gpio_stm32.c.obj)
 .rodata.gpio_stm32_cfg_b
                0x00000000080095c8       0x10 zephyr/drivers/gpio/libdrivers__gpio.a(gpio_stm32.c.obj)
 .rodata.gpio_stm32_cfg_c
                0x00000000080095d8       0x10 zephyr/drivers/gpio/libdrivers__gpio.a(gpio_stm32.c.obj)
 .rodata.gpio_stm32_cfg_d
                0x00000000080095e8       0x10 zephyr/drivers/gpio/libdrivers__gpio.a(gpio_stm32.c.obj)
 .rodata.gpio_stm32_cfg_e
                0x00000000080095f8       0x10 zephyr/drivers/gpio/libdrivers__gpio.a(gpio_stm32.c.obj)
 .rodata.gpio_stm32_cfg_f
                0x0000000008009608       0x10 zephyr/drivers/gpio/libdrivers__gpio.a(gpio_stm32.c.obj)
 .rodata.gpio_stm32_cfg_g
                0x0000000008009618       0x10 zephyr/drivers/gpio/libdrivers__gpio.a(gpio_stm32.c.obj)
 .rodata.gpio_stm32_cfg_h
                0x0000000008009628       0x10 zephyr/drivers/gpio/libdrivers__gpio.a(gpio_stm32.c.obj)
 .rodata.gpio_stm32_cfg_i
                0x0000000008009638       0x10 zephyr/drivers/gpio/libdrivers__gpio.a(gpio_stm32.c.obj)
 .rodata.gpio_stm32_driver
                0x0000000008009648       0x1c zephyr/drivers/gpio/libdrivers__gpio.a(gpio_stm32.c.obj)
 .rodata.pwm_stm32_dev_cfg_2
                0x0000000008009664        0xc zephyr/drivers/pwm/libdrivers__pwm.a(pwm_stm32.c.obj)
 .rodata.pwm_stm32_drv_api_funcs
                0x0000000008009670        0x8 zephyr/drivers/pwm/libdrivers__pwm.a(pwm_stm32.c.obj)
 .rodata.uart_stm32_cfg_USART_2
                0x0000000008009678       0x18 zephyr/drivers/serial/libdrivers__serial.a(uart_stm32.c.obj)
 .rodata.uart_stm32_driver_api
                0x0000000008009690       0x4c zephyr/drivers/serial/libdrivers__serial.a(uart_stm32.c.obj)
 .rodata.config_levels.13088
                0x00000000080096dc       0x14 zephyr/kernel/libkernel.a(device.c.obj)
 .rodata._k_neg_eagain
                0x00000000080096f0        0x4 zephyr/kernel/libkernel.a(errno.c.obj)
                0x00000000080096f0                _k_neg_eagain
 .rodata.CSWTCH.21
                0x00000000080096f4        0x6 zephyr/drivers/serial/libdrivers__serial.a(uart_stm32.c.obj)
 .rodata.init_can.str1.1
                0x00000000080096fa        0xc app/libapp.a(main.c.obj)
 .rodata.main.str1.1
                0x0000000008009706        0xc app/libapp.a(main.c.obj)
 .rodata.trajectory_thread.str1.1
                0x0000000008009712        0x6 app/libapp.a(main.c.obj)
 .rodata.str1.1
                0x0000000008009718        0x6 zephyr/libzephyr.a(soc.c.obj)
                                          0x1 (size before relaxing)
 .rodata.cmd_device_levels.str1.1
                0x0000000008009718       0x42 zephyr/libzephyr.a(device_service.c.obj)
 .rodata.cmd_device_list.str1.1
                0x000000000800975a       0x10 zephyr/libzephyr.a(device_service.c.obj)
 .rodata.str1.1
                0x000000000800976a       0x56 zephyr/libzephyr.a(device_service.c.obj)
                                         0x5d (size before relaxing)
 .rodata.cmd.13908
                0x00000000080097c0        0x4 zephyr/libzephyr.a(shell.c.obj)
 .rodata.cmd.14286
                0x00000000080097c4        0x4 zephyr/libzephyr.a(shell.c.obj)
 .rodata.cmd.14287
                0x00000000080097c8        0x5 zephyr/libzephyr.a(shell.c.obj)
 .rodata.execute.str1.1
                0x00000000080097cd       0x9a zephyr/libzephyr.a(shell.c.obj)
                                         0xa2 (size before relaxing)
 .rodata.history_handle.str1.1
                0x0000000008009867       0x9a zephyr/libzephyr.a(shell.c.obj)
                                          0x3 (size before relaxing)
 .rodata.shell_process.str1.1
                0x0000000008009867        0x6 zephyr/libzephyr.a(shell.c.obj)
                                          0x9 (size before relaxing)
 .rodata.shell_start.str1.1
                0x000000000800986d        0x3 zephyr/libzephyr.a(shell.c.obj)
 .rodata.shell_thread.str1.1
                0x0000000008009870       0x17 zephyr/libzephyr.a(shell.c.obj)
 .rodata.clear_eos.isra.6.str1.1
                0x0000000008009887        0x3 zephyr/libzephyr.a(shell_ops.c.obj)
 .rodata.cmd.13864
                0x0000000008009887        0x4 zephyr/libzephyr.a(shell_ops.c.obj)
 .rodata.cmd.13868
                0x000000000800988b        0x3 zephyr/libzephyr.a(shell_ops.c.obj)
 .rodata.cmd.13872
                0x000000000800988e        0x3 zephyr/libzephyr.a(shell_ops.c.obj)
 .rodata.cmd.14170
                0x0000000008009891        0x4 zephyr/libzephyr.a(shell_ops.c.obj)
 .rodata.shell_op_char_insert.str1.1
                0x0000000008009895       0x17 zephyr/libzephyr.a(shell_ops.c.obj)
                                          0x3 (size before relaxing)
 .rodata.shell_op_cond_next_line.str1.1
                0x0000000008009895        0x2 zephyr/libzephyr.a(shell_ops.c.obj)
 .rodata.shell_op_cursor_vert_move.str1.1
                0x0000000008009895        0x7 zephyr/libzephyr.a(shell_ops.c.obj)
 .rodata.enable_shell_uart.str1.1
                0x000000000800989c        0x7 zephyr/libzephyr.a(shell_uart.c.obj)
 .rodata.str1.1
                0x00000000080098a3       0x14 zephyr/libzephyr.a(shell_uart.c.obj)
                                         0x15 (size before relaxing)
 .rodata.cmd_sep.14071
                0x00000000080098b7        0x4 zephyr/libzephyr.a(shell_help.c.obj)
 .rodata.formatted_text_print.constprop.2.str1.1
                0x00000000080098bb        0x2 zephyr/libzephyr.a(shell_help.c.obj)
 .rodata.shell_help_cmd_print.str1.1
                0x00000000080098bb       0x14 zephyr/libzephyr.a(shell_help.c.obj)
                                          0x5 (size before relaxing)
 .rodata.shell_help_subcmd_print.str1.1
                0x00000000080098bb       0x18 zephyr/libzephyr.a(shell_help.c.obj)
 .rodata.tabulator.14048
                0x00000000080098d3        0x3 zephyr/libzephyr.a(shell_help.c.obj)
 .rodata.cmd.13837
                0x00000000080098d6        0x3 zephyr/libzephyr.a(shell_cmds.c.obj)
 .rodata.cmd.13841
                0x00000000080098d9        0x3 zephyr/libzephyr.a(shell_cmds.c.obj)
 .rodata.cmd.14018
                0x00000000080098dc        0x4 zephyr/libzephyr.a(shell_cmds.c.obj)
 .rodata.cmd.14019
                0x00000000080098e0        0x5 zephyr/libzephyr.a(shell_cmds.c.obj)
 .rodata.cmd.14084
                0x00000000080098e5        0x6 zephyr/libzephyr.a(shell_cmds.c.obj)
 .rodata.cmd_clear.str1.1
                0x00000000080098eb        0x3 zephyr/libzephyr.a(shell_cmds.c.obj)
 .rodata.cmd_echo.str1.1
                0x00000000080098eb       0x36 zephyr/libzephyr.a(shell_cmds.c.obj)
 .rodata.cmd_get_terminal_size.13993
                0x0000000008009921        0x5 zephyr/libzephyr.a(shell_cmds.c.obj)
 .rodata.cmd_help.str1.1
                0x0000000008009926      0x1b7 zephyr/libzephyr.a(shell_cmds.c.obj)
 .rodata.cmd_history.str1.1
                0x0000000008009add        0xa zephyr/libzephyr.a(shell_cmds.c.obj)
 .rodata.cmd_resize.str1.1
                0x0000000008009ae7       0x3a zephyr/libzephyr.a(shell_cmds.c.obj)
 .rodata.cmd_shell_stats_show.str1.1
                0x0000000008009b21        0xf zephyr/libzephyr.a(shell_cmds.c.obj)
 .rodata.str1.1
                0x0000000008009b30      0x3d4 zephyr/libzephyr.a(shell_cmds.c.obj)
                                        0x3d9 (size before relaxing)
 .rodata.shell_wildcard_process.str1.1
                0x0000000008009f04       0x52 zephyr/libzephyr.a(shell_wildcard.c.obj)
 .rodata.exti_irq_table
                0x0000000008009f56       0x17 zephyr/libzephyr.a(intc_exti_stm32.c.obj)
                0x0000000008009f56                exti_irq_table
 .rodata.str1.1
                0x0000000008009f6d        0xb zephyr/libzephyr.a(intc_exti_stm32.c.obj)
 .rodata.str1.1
                0x0000000008009f78        0x9 zephyr/libzephyr.a(clock_stm32_ll_common.c.obj)
 .rodata.z_pinmux_stm32_set.str1.1
                0x0000000008009f81        0x9 zephyr/libzephyr.a(pinmux_stm32.c.obj)
 .rodata.can_stm32_runtime_configure.str1.1
                0x0000000008009f81        0x9 zephyr/libzephyr.a(can_stm32.c.obj)
 .rodata.filter_in_bank
                0x0000000008009f81        0x4 zephyr/libzephyr.a(can_stm32.c.obj)
 .rodata.reg_demand
                0x0000000008009f85        0x4 zephyr/libzephyr.a(can_stm32.c.obj)
 .rodata.str1.1
                0x0000000008009f89        0x6 zephyr/libzephyr.a(can_stm32.c.obj)
 .rodata.cmd_attach.str1.1
                0x0000000008009f89      0x114 zephyr/libzephyr.a(can_shell.c.obj)
 .rodata.cmd_detach.str1.1
                0x000000000800a09d       0x3b zephyr/libzephyr.a(can_shell.c.obj)
 .rodata.cmd_send.str1.1
                0x000000000800a0d8       0xaa zephyr/libzephyr.a(can_shell.c.obj)
 .rodata.print_frame.str1.1
                0x000000000800a182       0x2f zephyr/libzephyr.a(can_shell.c.obj)
                                         0x33 (size before relaxing)
 .rodata.read_id.str1.1
                0x000000000800a1b1       0x40 zephyr/libzephyr.a(can_shell.c.obj)
                                         0x55 (size before relaxing)
 .rodata.read_options.str1.1
                0x000000000800a1f1       0x13 zephyr/libzephyr.a(can_shell.c.obj)
 .rodata.str1.1
                0x000000000800a204      0x194 zephyr/libzephyr.a(can_shell.c.obj)
 .rodata.str1.1
                0x000000000800a398        0xa zephyr/libzephyr.a(sys_clock_init.c.obj)
 .rodata.str1.1
                0x000000000800a3a2        0x1 zephyr/arch/arch/arm/core/aarch32/cortex_m/mpu/libarch__arm__core__aarch32__cortex_m__mpu.a(arm_mpu.c.obj)
 .rodata.z_prf.str1.1
                0x000000000800a3a2        0xa zephyr/lib/libc/minimal/liblib__libc__minimal.a(prf.c.obj)
 .rodata.str1.1
                0x000000000800a3ac        0xf zephyr/soc/arm/common/cortex_m/libsoc__arm__common__cortex_m.a(arm_mpu_regions.c.obj)
 .rodata.str1.1
                0x000000000800a3bb        0x1 zephyr/boards/arm/stm32f4_disco/libboards__arm__stm32f4_disco.a(pinmux.c.obj)
 .rodata.gpio_stm32_init.str1.1
                0x000000000800a3bb        0x9 zephyr/drivers/gpio/libdrivers__gpio.a(gpio_stm32.c.obj)
 .rodata.str1.1
                0x000000000800a3bb       0x30 zephyr/drivers/gpio/libdrivers__gpio.a(gpio_stm32.c.obj)
                                         0x36 (size before relaxing)
 .rodata.pwm_stm32_init.str1.1
                0x000000000800a3eb        0x9 zephyr/drivers/pwm/libdrivers__pwm.a(pwm_stm32.c.obj)
 .rodata.str1.1
                0x000000000800a3eb        0x6 zephyr/drivers/pwm/libdrivers__pwm.a(pwm_stm32.c.obj)
 .rodata.str1.1
                0x000000000800a3f1        0x7 zephyr/drivers/serial/libdrivers__serial.a(uart_stm32.c.obj)
 .rodata.uart_stm32_init.str1.1
                0x000000000800a3f1        0x9 zephyr/drivers/serial/libdrivers__serial.a(uart_stm32.c.obj)
 .rodata.AHBPrescTable
                0x000000000800a3f1       0x10 zephyr/modules/stm32/stm32cube/lib..__modules__hal__stm32__stm32cube.a(system_stm32f4xx.c.obj)
                0x000000000800a3f1                AHBPrescTable
 .rodata.z_cstart.str1.1
                0x000000000800a401        0xa zephyr/kernel/libkernel.a(init.c.obj)
 .rodata.k_sys_work_q_init.str1.1
                0x000000000800a40b        0x9 zephyr/kernel/libkernel.a(system_work_q.c.obj)
 .rodata.str1.1
                0x000000000800a414        0x1 zephyr/kernel/libkernel.a(system_work_q.c.obj)
 .rodata.k_work_q_start.str1.1
                0x000000000800a414        0xa zephyr/kernel/libkernel.a(work_q.c.obj)
 .rodata.str1.1
                0x000000000800a41e        0x1 zephyr/kernel/libkernel.a(mempool.c.obj)
 *(SORT_BY_ALIGNMENT(.gnu.linkonce.r.*))
                0x000000000800a420                . = ALIGN (0x4)
 *fill*         0x000000000800a41e        0x2 
                0x000000000800a420                _image_rodata_end = .
                0x000000000800a420                . = ALIGN (_region_min_align)
                0x0000000008010000                . = ALIGN ((0x1 << LOG2CEIL ((_image_rodata_end - _image_rom_start))))
                0x0000000008010000                _image_rom_end = .
                0x0000000020000000                . = 0x20000000
                0x0000000020000000                . = ALIGN (_region_min_align)
                0x0000000020000000                _image_ram_start = .

.ramfunc        0x0000000020000000        0x0 load address 0x000000000800a420
                0x0000000020000000                . = ALIGN (_region_min_align)
                0x0000000020000000                . = ALIGN ((0x1 << LOG2CEIL (_ramfunc_ram_size)))
                0x0000000020000000                _ramfunc_ram_start = .
 *(SORT_BY_ALIGNMENT(.ramfunc))
 *(SORT_BY_ALIGNMENT(.ramfunc.*))
                0x0000000020000000                . = ALIGN (_region_min_align)
                0x0000000020000000                . = ALIGN ((0x1 << LOG2CEIL (_ramfunc_ram_size)))
                0x0000000020000000                _ramfunc_ram_end = .
                0x0000000000000000                _ramfunc_ram_size = (_ramfunc_ram_end - _ramfunc_ram_start)
                0x000000000800a420                _ramfunc_rom_start = LOADADDR (.ramfunc)

bss             0x0000000020000000      0x978
                0x0000000020000000                . = ALIGN (0x4)
                0x0000000020000000                __bss_start = .
                0x0000000020000000                __kernel_ram_start = .
 *(SORT_BY_ALIGNMENT(.bss))
 *(SORT_BY_ALIGNMENT(.bss.*))
 .bss.can_stm32_dev_data_1
                0x0000000020000000       0xd0 zephyr/libzephyr.a(can_stm32.c.obj)
 .bss.curr_tick
                0x00000000200000d0        0x8 zephyr/kernel/libkernel.a(timeout.c.obj)
 .bss.can_dev   0x00000000200000d8        0x4 app/libapp.a(main.c.obj)
                0x00000000200000d8                can_dev
 .bss.can_rx_fifo
                0x00000000200000dc       0x10 app/libapp.a(main.c.obj)
 .bss.poll_state_thread_data
                0x00000000200000ec       0x6c app/libapp.a(main.c.obj)
                0x00000000200000ec                poll_state_thread_data
 .bss.rx_thread_data
                0x0000000020000158       0x6c app/libapp.a(main.c.obj)
                0x0000000020000158                rx_thread_data
 .bss.rx_work   0x00000000200001c4       0x54 app/libapp.a(main.c.obj)
                0x00000000200001c4                rx_work
 .bss.state_change_work
                0x0000000020000218        0xc app/libapp.a(main.c.obj)
                0x0000000020000218                state_change_work
 .bss.shell_transport_uart_ctrl_blk
                0x0000000020000224       0x14 zephyr/libzephyr.a(shell_uart.c.obj)
 .bss.shell_uart_ctx
                0x0000000020000238      0x304 zephyr/libzephyr.a(shell_uart.c.obj)
 .bss.shell_uart_stats
                0x000000002000053c        0x4 zephyr/libzephyr.a(shell_uart.c.obj)
 .bss.shell_uart_thread
                0x0000000020000540       0x6c zephyr/libzephyr.a(shell_uart.c.obj)
 .bss.exti_data
                0x00000000200005ac       0xb8 zephyr/libzephyr.a(intc_exti_stm32.c.obj)
 .bss.work      0x0000000020000664       0x54 zephyr/libzephyr.a(can_shell.c.obj)
 .bss.announced_cycles
                0x00000000200006b8        0x4 zephyr/libzephyr.a(cortex_m_systick.c.obj)
 .bss.cycle_count
                0x00000000200006bc        0x4 zephyr/libzephyr.a(cortex_m_systick.c.obj)
 .bss.last_load
                0x00000000200006c0        0x4 zephyr/libzephyr.a(cortex_m_systick.c.obj)
 .bss.overflow_cyc
                0x00000000200006c4        0x4 zephyr/libzephyr.a(cortex_m_systick.c.obj)
 .bss.gpio_stm32_data_a
                0x00000000200006c8        0xc zephyr/drivers/gpio/libdrivers__gpio.a(gpio_stm32.c.obj)
 .bss.gpio_stm32_data_b
                0x00000000200006d4        0xc zephyr/drivers/gpio/libdrivers__gpio.a(gpio_stm32.c.obj)
 .bss.gpio_stm32_data_c
                0x00000000200006e0        0xc zephyr/drivers/gpio/libdrivers__gpio.a(gpio_stm32.c.obj)
 .bss.gpio_stm32_data_d